Scheduler.c:48:6:MYRTOS_Cereate_MainStack	4	static
Scheduler.c:58:6:MYRTOS_IdleTask	4	static,ignoring_inline_asm
Scheduler.c:67:16:MYRTOS_Init	16	static
Scheduler.c:96:6:MyRTOS_Create_TaskStack	24	static
Scheduler.c:133:16:MYRTOS_CreateTask	24	static
Scheduler.c:173:6:bubbleSort	24	static
Scheduler.c:190:6:MYTROS_Update_Sechduler_Table	24	static
Scheduler.c:228:28:PendSV_Handler	0	static,ignoring_inline_asm
Scheduler.c:291:6:Decide_WhatNext	8	static
Scheduler.c:314:6:MYRTOS_SVC_Services	24	static
Scheduler.c:351:6:MYRTOS_SVC_Set	16	static,ignoring_inline_asm
Scheduler.c:378:6:MYRTOS_ActivateTask	16	static
Scheduler.c:384:6:MYRTOS_TerminateTask	16	static
Scheduler.c:390:6:MYRTOS_TaskWait	16	static
Scheduler.c:400:6:MYRTOS_STARTOS	8	static,ignoring_inline_asm
Scheduler.c:427:6:MYRTOS_Update_TasksWaitingTime	16	static
Scheduler.c:447:16:MYRTOS_AcquireMutex	16	static
Scheduler.c:473:6:MYRTOS_ReleaseMutex	16	static
