Archive member included to satisfy reference by file (symbol)

c:/st/stm32cubeide_1.4.0/stm32cubeide/plugins/com.st.stm32cube.ide.mcu.externaltools.gnu-tools-for-stm32.7-2018-q2-update.win32_1.4.0.202007081208/tools/bin/../lib/gcc/arm-none-eabi/7.3.1/../../../../arm-none-eabi/lib/thumb/v7-m\libc_nano.a(lib_a-errno.o)
                              Src/syscalls.o (__errno)
c:/st/stm32cubeide_1.4.0/stm32cubeide/plugins/com.st.stm32cube.ide.mcu.externaltools.gnu-tools-for-stm32.7-2018-q2-update.win32_1.4.0.202007081208/tools/bin/../lib/gcc/arm-none-eabi/7.3.1/../../../../arm-none-eabi/lib/thumb/v7-m\libc_nano.a(lib_a-exit.o)
                              c:/st/stm32cubeide_1.4.0/stm32cubeide/plugins/com.st.stm32cube.ide.mcu.externaltools.gnu-tools-for-stm32.7-2018-q2-update.win32_1.4.0.202007081208/tools/bin/../lib/gcc/arm-none-eabi/7.3.1/../../../../arm-none-eabi/lib/thumb/v7-m/crt0.o (exit)
c:/st/stm32cubeide_1.4.0/stm32cubeide/plugins/com.st.stm32cube.ide.mcu.externaltools.gnu-tools-for-stm32.7-2018-q2-update.win32_1.4.0.202007081208/tools/bin/../lib/gcc/arm-none-eabi/7.3.1/../../../../arm-none-eabi/lib/thumb/v7-m\libc_nano.a(lib_a-impure.o)
                              c:/st/stm32cubeide_1.4.0/stm32cubeide/plugins/com.st.stm32cube.ide.mcu.externaltools.gnu-tools-for-stm32.7-2018-q2-update.win32_1.4.0.202007081208/tools/bin/../lib/gcc/arm-none-eabi/7.3.1/../../../../arm-none-eabi/lib/thumb/v7-m\libc_nano.a(lib_a-exit.o) (_global_impure_ptr)
c:/st/stm32cubeide_1.4.0/stm32cubeide/plugins/com.st.stm32cube.ide.mcu.externaltools.gnu-tools-for-stm32.7-2018-q2-update.win32_1.4.0.202007081208/tools/bin/../lib/gcc/arm-none-eabi/7.3.1/../../../../arm-none-eabi/lib/thumb/v7-m\libc_nano.a(lib_a-init.o)
                              c:/st/stm32cubeide_1.4.0/stm32cubeide/plugins/com.st.stm32cube.ide.mcu.externaltools.gnu-tools-for-stm32.7-2018-q2-update.win32_1.4.0.202007081208/tools/bin/../lib/gcc/arm-none-eabi/7.3.1/../../../../arm-none-eabi/lib/thumb/v7-m/crt0.o (__libc_init_array)
c:/st/stm32cubeide_1.4.0/stm32cubeide/plugins/com.st.stm32cube.ide.mcu.externaltools.gnu-tools-for-stm32.7-2018-q2-update.win32_1.4.0.202007081208/tools/bin/../lib/gcc/arm-none-eabi/7.3.1/../../../../arm-none-eabi/lib/thumb/v7-m\libc_nano.a(lib_a-memset.o)
                              c:/st/stm32cubeide_1.4.0/stm32cubeide/plugins/com.st.stm32cube.ide.mcu.externaltools.gnu-tools-for-stm32.7-2018-q2-update.win32_1.4.0.202007081208/tools/bin/../lib/gcc/arm-none-eabi/7.3.1/../../../../arm-none-eabi/lib/thumb/v7-m/crt0.o (memset)

Allocating common symbols
Common symbol       size              file

PinConfig           0x4               HAL/Seven_segment/Seven_segment.o
PinCfg              0x4               HAL/LCD/LCD.o
GP_IRQ_CallBack     0x3c              MCAL/stm32f103x6_EXTI_Driver.o

Discarded input sections

 .text          0x0000000000000000        0x0 c:/st/stm32cubeide_1.4.0/stm32cubeide/plugins/com.st.stm32cube.ide.mcu.externaltools.gnu-tools-for-stm32.7-2018-q2-update.win32_1.4.0.202007081208/tools/bin/../lib/gcc/arm-none-eabi/7.3.1/thumb/v7-m/crti.o
 .data          0x0000000000000000        0x0 c:/st/stm32cubeide_1.4.0/stm32cubeide/plugins/com.st.stm32cube.ide.mcu.externaltools.gnu-tools-for-stm32.7-2018-q2-update.win32_1.4.0.202007081208/tools/bin/../lib/gcc/arm-none-eabi/7.3.1/thumb/v7-m/crti.o
 .bss           0x0000000000000000        0x0 c:/st/stm32cubeide_1.4.0/stm32cubeide/plugins/com.st.stm32cube.ide.mcu.externaltools.gnu-tools-for-stm32.7-2018-q2-update.win32_1.4.0.202007081208/tools/bin/../lib/gcc/arm-none-eabi/7.3.1/thumb/v7-m/crti.o
 .data          0x0000000000000000        0x4 c:/st/stm32cubeide_1.4.0/stm32cubeide/plugins/com.st.stm32cube.ide.mcu.externaltools.gnu-tools-for-stm32.7-2018-q2-update.win32_1.4.0.202007081208/tools/bin/../lib/gcc/arm-none-eabi/7.3.1/thumb/v7-m/crtbegin.o
 .text          0x0000000000000000       0x74 c:/st/stm32cubeide_1.4.0/stm32cubeide/plugins/com.st.stm32cube.ide.mcu.externaltools.gnu-tools-for-stm32.7-2018-q2-update.win32_1.4.0.202007081208/tools/bin/../lib/gcc/arm-none-eabi/7.3.1/../../../../arm-none-eabi/lib/thumb/v7-m/crt0.o
 .data          0x0000000000000000        0x0 c:/st/stm32cubeide_1.4.0/stm32cubeide/plugins/com.st.stm32cube.ide.mcu.externaltools.gnu-tools-for-stm32.7-2018-q2-update.win32_1.4.0.202007081208/tools/bin/../lib/gcc/arm-none-eabi/7.3.1/../../../../arm-none-eabi/lib/thumb/v7-m/crt0.o
 .bss           0x0000000000000000        0x0 c:/st/stm32cubeide_1.4.0/stm32cubeide/plugins/com.st.stm32cube.ide.mcu.externaltools.gnu-tools-for-stm32.7-2018-q2-update.win32_1.4.0.202007081208/tools/bin/../lib/gcc/arm-none-eabi/7.3.1/../../../../arm-none-eabi/lib/thumb/v7-m/crt0.o
 .ARM.extab     0x0000000000000000        0x0 c:/st/stm32cubeide_1.4.0/stm32cubeide/plugins/com.st.stm32cube.ide.mcu.externaltools.gnu-tools-for-stm32.7-2018-q2-update.win32_1.4.0.202007081208/tools/bin/../lib/gcc/arm-none-eabi/7.3.1/../../../../arm-none-eabi/lib/thumb/v7-m/crt0.o
[...]
Memory Configuration

Name             Origin             Length             Attributes
RAM              0x0000000020000000 0x0000000000002800 xrw
ROM              0x0000000008000000 0x0000000000008000 xr
*default*        0x0000000000000000 0xffffffffffffffff

Linker script and memory map

LOAD c:/st/stm32cubeide_1.4.0/stm32cubeide/plugins/com.st.stm32cube.ide.mcu.externaltools.gnu-tools-for-stm32.7-2018-q2-update.win32_1.4.0.202007081208/tools/bin/../lib/gcc/arm-none-eabi/7.3.1/thumb/v7-m/crti.o
LOAD c:/st/stm32cubeide_1.4.0/stm32cubeide/plugins/com.st.stm32cube.ide.mcu.externaltools.gnu-tools-for-stm32.7-2018-q2-update.win32_1.4.0.202007081208/tools/bin/../lib/gcc/arm-none-eabi/7.3.1/thumb/v7-m/crtbegin.o
LOAD c:/st/stm32cubeide_1.4.0/stm32cubeide/plugins/com.st.stm32cube.ide.mcu.externaltools.gnu-tools-for-stm32.7-2018-q2-update.win32_1.4.0.202007081208/tools/bin/../lib/gcc/arm-none-eabi/7.3.1/../../../../arm-none-eabi/lib/thumb/v7-m/crt0.o
LOAD HAL/EEPROM/I2C_Slave_EEPROM.o
LOAD HAL/Keypad/Keypad.o
LOAD HAL/LCD/LCD.o
LOAD HAL/Seven_segment/Seven_segment.o
LOAD MCAL/stm32F103x6_SPI_Driver.o
LOAD MCAL/stm32f103x6_EXTI_Driver.o
LOAD MCAL/stm32f103x6_GPIO_Driver.o
LOAD MCAL/stm32f103x6_I2C_Driver.o
LOAD MCAL/stm32f103x6_RCC_Driver.o
LOAD MCAL/stm32f103x6_USART_Driver.o
LOAD Src/main.o
LOAD Src/syscalls.o
LOAD Src/sysmem.o
LOAD Startup/startup_stm32f103c6tx.o
START GROUP
LOAD c:/st/stm32cubeide_1.4.0/stm32cubeide/plugins/com.st.stm32cube.ide.mcu.externaltools.gnu-tools-for-stm32.7-2018-q2-update.win32_1.4.0.202007081208/tools/bin/../lib/gcc/arm-none-eabi/7.3.1/../../../../arm-none-eabi/lib/thumb/v7-m\libc_nano.a
LOAD c:/st/stm32cubeide_1.4.0/stm32cubeide/plugins/com.st.stm32cube.ide.mcu.externaltools.gnu-tools-for-stm32.7-2018-q2-update.win32_1.4.0.202007081208/tools/bin/../lib/gcc/arm-none-eabi/7.3.1/../../../../arm-none-eabi/lib/thumb/v7-m\libm.a
END GROUP
START GROUP
LOAD c:/st/stm32cubeide_1.4.0/stm32cubeide/plugins/com.st.stm32cube.ide.mcu.externaltools.gnu-tools-for-stm32.7-2018-q2-update.win32_1.4.0.202007081208/tools/bin/../lib/gcc/arm-none-eabi/7.3.1/thumb/v7-m\libgcc.a
LOAD c:/st/stm32cubeide_1.4.0/stm32cubeide/plugins/com.st.stm32cube.ide.mcu.externaltools.gnu-tools-for-stm32.7-2018-q2-update.win32_1.4.0.202007081208/tools/bin/../lib/gcc/arm-none-eabi/7.3.1/../../../../arm-none-eabi/lib/thumb/v7-m\libg_nano.a
LOAD c:/st/stm32cubeide_1.4.0/stm32cubeide/plugins/com.st.stm32cube.ide.mcu.externaltools.gnu-tools-for-stm32.7-2018-q2-update.win32_1.4.0.202007081208/tools/bin/../lib/gcc/arm-none-eabi/7.3.1/../../../../arm-none-eabi/lib/thumb/v7-m\libc_nano.a
END GROUP
START GROUP
LOAD c:/st/stm32cubeide_1.4.0/stm32cubeide/plugins/com.st.stm32cube.ide.mcu.externaltools.gnu-tools-for-stm32.7-2018-q2-update.win32_1.4.0.202007081208/tools/bin/../lib/gcc/arm-none-eabi/7.3.1/thumb/v7-m\libgcc.a
LOAD c:/st/stm32cubeide_1.4.0/stm32cubeide/plugins/com.st.stm32cube.ide.mcu.externaltools.gnu-tools-for-stm32.7-2018-q2-update.win32_1.4.0.202007081208/tools/bin/../lib/gcc/arm-none-eabi/7.3.1/../../../../arm-none-eabi/lib/thumb/v7-m\libc_nano.a
LOAD c:/st/stm32cubeide_1.4.0/stm32cubeide/plugins/com.st.stm32cube.ide.mcu.externaltools.gnu-tools-for-stm32.7-2018-q2-update.win32_1.4.0.202007081208/tools/bin/../lib/gcc/arm-none-eabi/7.3.1/../../../../arm-none-eabi/lib/thumb/v7-m\libnosys.a
END GROUP
START GROUP
LOAD c:/st/stm32cubeide_1.4.0/stm32cubeide/plugins/com.st.stm32cube.ide.mcu.externaltools.gnu-tools-for-stm32.7-2018-q2-update.win32_1.4.0.202007081208/tools/bin/../lib/gcc/arm-none-eabi/7.3.1/thumb/v7-m\libgcc.a
LOAD c:/st/stm32cubeide_1.4.0/stm32cubeide/plugins/com.st.stm32cube.ide.mcu.externaltools.gnu-tools-for-stm32.7-2018-q2-update.win32_1.4.0.202007081208/tools/bin/../lib/gcc/arm-none-eabi/7.3.1/../../../../arm-none-eabi/lib/thumb/v7-m\libc_nano.a
LOAD c:/st/stm32cubeide_1.4.0/stm32cubeide/plugins/com.st.stm32cube.ide.mcu.externaltools.gnu-tools-for-stm32.7-2018-q2-update.win32_1.4.0.202007081208/tools/bin/../lib/gcc/arm-none-eabi/7.3.1/../../../../arm-none-eabi/lib/thumb/v7-m\libnosys.a
END GROUP
LOAD c:/st/stm32cubeide_1.4.0/stm32cubeide/plugins/com.st.stm32cube.ide.mcu.externaltools.gnu-tools-for-stm32.7-2018-q2-update.win32_1.4.0.202007081208/tools/bin/../lib/gcc/arm-none-eabi/7.3.1/thumb/v7-m/crtend.o
LOAD c:/st/stm32cubeide_1.4.0/stm32cubeide/plugins/com.st.stm32cube.ide.mcu.externaltools.gnu-tools-for-stm32.7-2018-q2-update.win32_1.4.0.202007081208/tools/bin/../lib/gcc/arm-none-eabi/7.3.1/thumb/v7-m/crtn.o
                0x0000000020002800                _estack = (ORIGIN (RAM) + LENGTH (RAM))
                0x0000000000000200                _Min_Heap_Size = 0x200
                0x0000000000000400                _Min_Stack_Size = 0x400

.isr_vector     0x0000000008000000      0x130
                0x0000000008000000                . = ALIGN (0x4)
 *(.isr_vector)
 .isr_vector    0x0000000008000000      0x130 Startup/startup_stm32f103c6tx.o
                0x0000000008000000                g_pfnVectors
                0x0000000008000130                . = ALIGN (0x4)

.text           0x0000000008000130      0xe08
                0x0000000008000130                . = ALIGN (0x4)
 *(.text)
 .text          0x0000000008000130       0x40 c:/st/stm32cubeide_1.4.0/stm32cubeide/plugins/com.st.stm32cube.ide.mcu.externaltools.gnu-tools-for-stm32.7-2018-q2-update.win32_1.4.0.202007081208/tools/bin/../lib/gcc/arm-none-eabi/7.3.1/thumb/v7-m/crtbegin.o
 *(.text*)
 .text.HAL_EEPROM_Init
                0x0000000008000170       0x44 HAL/EEPROM/I2C_Slave_EEPROM.o
                0x0000000008000170                HAL_EEPROM_Init
 .text.HAL_EEPROM_Write_Nbytes
                0x00000000080001b4       0xa4 HAL/EEPROM/I2C_Slave_EEPROM.o
                0x00000000080001b4                HAL_EEPROM_Write_Nbytes
 .text.HAL_EEPROM_Read_Nbytes
                0x0000000008000258       0x5c HAL/EEPROM/I2C_Slave_EEPROM.o
                0x0000000008000258                HAL_EEPROM_Read_Nbytes
 .text.SPI1_IRQHandler
                0x00000000080002b4       0x5c MCAL/stm32F103x6_SPI_Driver.o
                0x00000000080002b4                SPI1_IRQHandler
 .text.SPI2_IRQHandler
                0x0000000008000310       0x5c MCAL/stm32F103x6_SPI_Driver.o
                0x0000000008000310                SPI2_IRQHandler
 .text.EXTI0_IRQHandler
                0x000000000800036c       0x24 MCAL/stm32f103x6_EXTI_Driver.o
                0x000000000800036c                EXTI0_IRQHandler
 .text.EXTI1_IRQHandler
                0x0000000008000390       0x24 MCAL/stm32f103x6_EXTI_Driver.o
                0x0000000008000390                EXTI1_IRQHandler
 .text.EXTI2_IRQHandler
                0x00000000080003b4       0x24 MCAL/stm32f103x6_EXTI_Driver.o
                0x00000000080003b4                EXTI2_IRQHandler
 .text.EXTI3_IRQHandler
                0x00000000080003d8       0x24 MCAL/stm32f103x6_EXTI_Driver.o
                0x00000000080003d8                EXTI3_IRQHandler
 .text.EXTI4_IRQHandler
                0x00000000080003fc       0x24 MCAL/stm32f103x6_EXTI_Driver.o
                0x00000000080003fc                EXTI4_IRQHandler
 .text.EXTI9_5_IRQHandler
                0x0000000008000420       0xa8 MCAL/stm32f103x6_EXTI_Driver.o
                0x0000000008000420                EXTI9_5_IRQHandler
 .text.EXTI15_10_IRQHandler
                0x00000000080004c8       0xc4 MCAL/stm32f103x6_EXTI_Driver.o
                0x00000000080004c8                EXTI15_10_IRQHandler
 .text.Get_CRLH_Position
                0x000000000800058c       0xc6 MCAL/stm32f103x6_GPIO_Driver.o
                0x000000000800058c                Get_CRLH_Position
 .text.MCAL_GPIO_Init
                0x0000000008000652       0xfe MCAL/stm32f103x6_GPIO_Driver.o
                0x0000000008000652                MCAL_GPIO_Init
 .text.MCAL_I2C_Init
                0x0000000008000750      0x1b0 MCAL/stm32f103x6_I2C_Driver.o
                0x0000000008000750                MCAL_I2C_Init
 .text.MCAL_I2C_GPIO_Set_Pin
                0x0000000008000900       0x94 MCAL/stm32f103x6_I2C_Driver.o
                0x0000000008000900                MCAL_I2C_GPIO_Set_Pin
 .text.MCAL_I2C_Master_Tx
                0x0000000008000994       0xac MCAL/stm32f103x6_I2C_Driver.o
                0x0000000008000994                MCAL_I2C_Master_Tx
 .text.MCAL_I2C_Master_Rx
                0x0000000008000a40       0xe8 MCAL/stm32f103x6_I2C_Driver.o
                0x0000000008000a40                MCAL_I2C_Master_Rx
 .text.I2C_Generate_Start
                0x0000000008000b28       0x4e MCAL/stm32f103x6_I2C_Driver.o
                0x0000000008000b28                I2C_Generate_Start
 *fill*         0x0000000008000b76        0x2 
 .text.I2C_Get_FlagStatus
                0x0000000008000b78       0xf0 MCAL/stm32f103x6_I2C_Driver.o
                0x0000000008000b78                I2C_Get_FlagStatus
 .text.I2C_Send_Address
                0x0000000008000c68       0x3a MCAL/stm32f103x6_I2C_Driver.o
                0x0000000008000c68                I2C_Send_Address
 .text.I2C_Generate_Stop
                0x0000000008000ca2       0x36 MCAL/stm32f103x6_I2C_Driver.o
                0x0000000008000ca2                I2C_Generate_Stop
 .text.I2C_ACKConfig
                0x0000000008000cd8       0x36 MCAL/stm32f103x6_I2C_Driver.o
                0x0000000008000cd8                I2C_ACKConfig
 *fill*         0x0000000008000d0e        0x2 
 .text.MCAL_RCC_GetSYSCLKFreq
                0x0000000008000d10       0x48 MCAL/stm32f103x6_RCC_Driver.o
                0x0000000008000d10                MCAL_RCC_GetSYSCLKFreq
 .text.MCAL_RCC_GetHCLKFreq
                0x0000000008000d58       0x28 MCAL/stm32f103x6_RCC_Driver.o
                0x0000000008000d58                MCAL_RCC_GetHCLKFreq
 .text.MCAL_RCC_GetPCLK1Freq
                0x0000000008000d80       0x28 MCAL/stm32f103x6_RCC_Driver.o
                0x0000000008000d80                MCAL_RCC_GetPCLK1Freq
 .text.USART1_IRQHandler
                0x0000000008000da8       0x14 MCAL/stm32f103x6_USART_Driver.o
                0x0000000008000da8                USART1_IRQHandler
 .text.USART2_IRQHandler
                0x0000000008000dbc       0x14 MCAL/stm32f103x6_USART_Driver.o
                0x0000000008000dbc                USART2_IRQHandler
 .text.USART3_IRQHandler
                0x0000000008000dd0       0x14 MCAL/stm32f103x6_USART_Driver.o
                0x0000000008000dd0                USART3_IRQHandler
 .text.clock_init
                0x0000000008000de4       0x34 Src/main.o
                0x0000000008000de4                clock_init
 .text.main     0x0000000008000e18       0x6c Src/main.o
                0x0000000008000e18                main
 .text.Reset_Handler
                0x0000000008000e84       0x50 Startup/startup_stm32f103c6tx.o
                0x0000000008000e84                Reset_Handler
 .text.Default_Handler
                0x0000000008000ed4        0x2 Startup/startup_stm32f103c6tx.o
                0x0000000008000ed4                TIM8_TRG_COM_IRQHandler
                0x0000000008000ed4                TIM8_CC_IRQHandler
                0x0000000008000ed4                DebugMon_Handler
                0x0000000008000ed4                TIM1_CC_IRQHandler
                0x0000000008000ed4                HardFault_Handler
                0x0000000008000ed4                TIM6_IRQHandler
                0x0000000008000ed4                SysTick_Handler
                0x0000000008000ed4                PVD_IRQHandler
                0x0000000008000ed4                SDIO_IRQHandler
                0x0000000008000ed4                PendSV_Handler
                0x0000000008000ed4                NMI_Handler
                0x0000000008000ed4                USB_HP_CAN_TX_IRQHandler
                0x0000000008000ed4                I2C2_EV_IRQHandler
                0x0000000008000ed4                UsageFault_Handler
                0x0000000008000ed4                ADC1_2_IRQHandler
                0x0000000008000ed4                CAN_SCE_IRQHandler
                0x0000000008000ed4                TAMPER_IRQHandler
                0x0000000008000ed4                TIM8_UP_IRQHandler
                0x0000000008000ed4                DMA2_Channel2_IRQHandler
                0x0000000008000ed4                DMA1_Channel4_IRQHandler
                0x0000000008000ed4                RTC_IRQHandler
                0x0000000008000ed4                DMA1_Channel7_IRQHandler
                0x0000000008000ed4                UART5_IRQHandler
                0x0000000008000ed4                ADC3_IRQHandler
                0x0000000008000ed4                TIM4_IRQHandler
                0x0000000008000ed4                CAN_RX1_IRQHandler
                0x0000000008000ed4                DMA2_Channel1_IRQHandler
                0x0000000008000ed4                I2C1_EV_IRQHandler
                0x0000000008000ed4                DMA1_Channel6_IRQHandler
                0x0000000008000ed4                UART4_IRQHandler
                0x0000000008000ed4                TIM3_IRQHandler
                0x0000000008000ed4                RCC_IRQHandler
                0x0000000008000ed4                TIM1_TRG_COM_IRQHandler
                0x0000000008000ed4                DMA1_Channel1_IRQHandler
                0x0000000008000ed4                Default_Handler
                0x0000000008000ed4                TIM7_IRQHandler
                0x0000000008000ed4                TIM5_IRQHandler
                0x0000000008000ed4                USB_LP_CAN_RX0_IRQHandler
                0x0000000008000ed4                MemManage_Handler
                0x0000000008000ed4                SVC_Handler
                0x0000000008000ed4                DMA1_Channel5_IRQHandler
                0x0000000008000ed4                DMA1_Channel3_IRQHandler
                0x0000000008000ed4                FSMC_IRQHandler
                0x0000000008000ed4                TIM1_UP_IRQHandler
                0x0000000008000ed4                WWDG_IRQHandler
                0x0000000008000ed4                TIM2_IRQHandler
                0x0000000008000ed4                TIM1_BRK_IRQHandler
                0x0000000008000ed4                RTCAlarm_IRQHandler
                0x0000000008000ed4                DMA2_Channel4_5_IRQHandler
                0x0000000008000ed4                I2C2_ER_IRQHandler
                0x0000000008000ed4                DMA1_Channel2_IRQHandler
                0x0000000008000ed4                TIM8_BRK_IRQHandler
                0x0000000008000ed4                FLASH_IRQHandler
                0x0000000008000ed4                BusFault_Handler
                0x0000000008000ed4                SPI3_IRQHandler
                0x0000000008000ed4                I2C1_ER_IRQHandler
                0x0000000008000ed4                DMA2_Channel3_IRQHandler
 *fill*         0x0000000008000ed6        0x2 
 .text.__libc_init_array
                0x0000000008000ed8       0x48 c:/st/stm32cubeide_1.4.0/stm32cubeide/plugins/com.st.stm32cube.ide.mcu.externaltools.gnu-tools-for-stm32.7-2018-q2-update.win32_1.4.0.202007081208/tools/bin/../lib/gcc/arm-none-eabi/7.3.1/../../../../arm-none-eabi/lib/thumb/v7-m\libc_nano.a(lib_a-init.o)
                0x0000000008000ed8                __libc_init_array
 *(.glue_7)
 .glue_7        0x0000000008000f20        0x0 linker stubs
 *(.glue_7t)
 .glue_7t       0x0000000008000f20        0x0 linker stubs
 *(.eh_frame)
 .eh_frame      0x0000000008000f20        0x0 c:/st/stm32cubeide_1.4.0/stm32cubeide/plugins/com.st.stm32cube.ide.mcu.externaltools.gnu-tools-for-stm32.7-2018-q2-update.win32_1.4.0.202007081208/tools/bin/../lib/gcc/arm-none-eabi/7.3.1/thumb/v7-m/crtbegin.o
 *(.init)
 .init          0x0000000008000f20        0x4 c:/st/stm32cubeide_1.4.0/stm32cubeide/plugins/com.st.stm32cube.ide.mcu.externaltools.gnu-tools-for-stm32.7-2018-q2-update.win32_1.4.0.202007081208/tools/bin/../lib/gcc/arm-none-eabi/7.3.1/thumb/v7-m/crti.o
                0x0000000008000f20                _init
 .init          0x0000000008000f24        0x8 c:/st/stm32cubeide_1.4.0/stm32cubeide/plugins/com.st.stm32cube.ide.mcu.externaltools.gnu-tools-for-stm32.7-2018-q2-update.win32_1.4.0.202007081208/tools/bin/../lib/gcc/arm-none-eabi/7.3.1/thumb/v7-m/crtn.o
 *(.fini)
 .fini          0x0000000008000f2c        0x4 c:/st/stm32cubeide_1.4.0/stm32cubeide/plugins/com.st.stm32cube.ide.mcu.externaltools.gnu-tools-for-stm32.7-2018-q2-update.win32_1.4.0.202007081208/tools/bin/../lib/gcc/arm-none-eabi/7.3.1/thumb/v7-m/crti.o
                0x0000000008000f2c                _fini
 .fini          0x0000000008000f30        0x8 c:/st/stm32cubeide_1.4.0/stm32cubeide/plugins/com.st.stm32cube.ide.mcu.externaltools.gnu-tools-for-stm32.7-2018-q2-update.win32_1.4.0.202007081208/tools/bin/../lib/gcc/arm-none-eabi/7.3.1/thumb/v7-m/crtn.o
                0x0000000008000f38                . = ALIGN (0x4)
                0x0000000008000f38                _etext = .

.vfp11_veneer   0x0000000008000f38        0x0
 .vfp11_veneer  0x0000000008000f38        0x0 linker stubs

.v4_bx          0x0000000008000f38        0x0
 .v4_bx         0x0000000008000f38        0x0 linker stubs

.iplt           0x0000000008000f38        0x0
 .iplt          0x0000000008000f38        0x0 c:/st/stm32cubeide_1.4.0/stm32cubeide/plugins/com.st.stm32cube.ide.mcu.externaltools.gnu-tools-for-stm32.7-2018-q2-update.win32_1.4.0.202007081208/tools/bin/../lib/gcc/arm-none-eabi/7.3.1/thumb/v7-m/crtbegin.o

.rodata         0x0000000008000f38       0x20
                0x0000000008000f38                . = ALIGN (0x4)
 *(.rodata)
 .rodata        0x0000000008000f38        0x6 Src/main.o
 *(.rodata*)
 *fill*         0x0000000008000f3e        0x2 
 .rodata.APBPrescTable
                0x0000000008000f40        0x8 MCAL/stm32f103x6_RCC_Driver.o
                0x0000000008000f40                APBPrescTable
 .rodata.AHPPrescTable
                0x0000000008000f48       0x10 MCAL/stm32f103x6_RCC_Driver.o
                0x0000000008000f48                AHPPrescTable
                0x0000000008000f58                . = ALIGN (0x4)

.rel.dyn        0x0000000008000f58        0x0
 .rel.iplt      0x0000000008000f58        0x0 c:/st/stm32cubeide_1.4.0/stm32cubeide/plugins/com.st.stm32cube.ide.mcu.externaltools.gnu-tools-for-stm32.7-2018-q2-update.win32_1.4.0.202007081208/tools/bin/../lib/gcc/arm-none-eabi/7.3.1/thumb/v7-m/crtbegin.o

.ARM.extab      0x0000000008000f58        0x0
                0x0000000008000f58                . = ALIGN (0x4)
 *(.ARM.extab* .gnu.linkonce.armextab.*)
                0x0000000008000f58                . = ALIGN (0x4)

.ARM            0x0000000008000f58        0x0
                0x0000000008000f58                . = ALIGN (0x4)
                0x0000000008000f58                __exidx_start = .
 *(.ARM.exidx*)
                0x0000000008000f58                __exidx_end = .
                0x0000000008000f58                . = ALIGN (0x4)

.preinit_array  0x0000000008000f58        0x0
                0x0000000008000f58                . = ALIGN (0x4)
                0x0000000008000f58                PROVIDE (__preinit_array_start = .)
 *(.preinit_array*)
                0x0000000008000f58                PROVIDE (__preinit_array_end = .)
                0x0000000008000f58                . = ALIGN (0x4)

.init_array     0x0000000008000f58        0x4
                0x0000000008000f58                . = ALIGN (0x4)
                0x0000000008000f58                PROVIDE (__init_array_start = .)
 *(SORT_BY_NAME(.init_array.*))
 *(.init_array*)
 .init_array    0x0000000008000f58        0x4 c:/st/stm32cubeide_1.4.0/stm32cubeide/plugins/com.st.stm32cube.ide.mcu.externaltools.gnu-tools-for-stm32.7-2018-q2-update.win32_1.4.0.202007081208/tools/bin/../lib/gcc/arm-none-eabi/7.3.1/thumb/v7-m/crtbegin.o
                0x0000000008000f5c                PROVIDE (__init_array_end = .)
                0x0000000008000f5c                . = ALIGN (0x4)

.fini_array     0x0000000008000f5c        0x4
                0x0000000008000f5c                . = ALIGN (0x4)
                [!provide]                        PROVIDE (__fini_array_start = .)
 *(SORT_BY_NAME(.fini_array.*))
 *(.fini_array*)
 .fini_array    0x0000000008000f5c        0x4 c:/st/stm32cubeide_1.4.0/stm32cubeide/plugins/com.st.stm32cube.ide.mcu.externaltools.gnu-tools-for-stm32.7-2018-q2-update.win32_1.4.0.202007081208/tools/bin/../lib/gcc/arm-none-eabi/7.3.1/thumb/v7-m/crtbegin.o
                [!provide]                        PROVIDE (__fini_array_end = .)
                0x0000000008000f60                . = ALIGN (0x4)
                0x0000000008000f60                _sidata = LOADADDR (.data)

.data           0x0000000020000000        0x0 load address 0x0000000008000f60
                0x0000000020000000                . = ALIGN (0x4)
                0x0000000020000000                _sdata = .
 *(.data)
 *(.data*)
                0x0000000020000000                . = ALIGN (0x4)
                0x0000000020000000                _edata = .

.igot.plt       0x0000000020000000        0x0 load address 0x0000000008000f60
 .igot.plt      0x0000000020000000        0x0 c:/st/stm32cubeide_1.4.0/stm32cubeide/plugins/com.st.stm32cube.ide.mcu.externaltools.gnu-tools-for-stm32.7-2018-q2-update.win32_1.4.0.202007081208/tools/bin/../lib/gcc/arm-none-eabi/7.3.1/thumb/v7-m/crtbegin.o
                0x0000000020000000                . = ALIGN (0x4)

.bss            0x0000000020000000       0x9c load address 0x0000000008000f60
                0x0000000020000000                _sbss = .
                0x0000000020000000                __bss_start__ = _sbss
 *(.bss)
 .bss           0x0000000020000000       0x1c c:/st/stm32cubeide_1.4.0/stm32cubeide/plugins/com.st.stm32cube.ide.mcu.externaltools.gnu-tools-for-stm32.7-2018-q2-update.win32_1.4.0.202007081208/tools/bin/../lib/gcc/arm-none-eabi/7.3.1/thumb/v7-m/crtbegin.o
 *(.bss*)
 .bss.G_SPI_Config
                0x000000002000001c        0x8 MCAL/stm32F103x6_SPI_Driver.o
                0x000000002000001c                G_SPI_Config
 .bss.G_I2C_Config
                0x0000000020000024       0x30 MCAL/stm32f103x6_I2C_Driver.o
                0x0000000020000024                G_I2C_Config
 .bss.Global_USART_config
                0x0000000020000054        0xc MCAL/stm32f103x6_USART_Driver.o
                0x0000000020000054                Global_USART_config
 *(COMMON)
 COMMON         0x0000000020000060       0x3c MCAL/stm32f103x6_EXTI_Driver.o
                0x0000000020000060                GP_IRQ_CallBack
                0x000000002000009c                . = ALIGN (0x4)
                0x000000002000009c                _ebss = .
                0x000000002000009c                __bss_end__ = _ebss

._user_heap_stack
                0x000000002000009c      0x604 load address 0x0000000008000f60
                0x00000000200000a0                . = ALIGN (0x8)
 *fill*         0x000000002000009c        0x4 
                [!provide]                        PROVIDE (end = .)
                0x00000000200000a0                PROVIDE (_end = .)
                0x00000000200002a0                . = (. + _Min_Heap_Size)
 *fill*         0x00000000200000a0      0x200 
                0x00000000200006a0                . = (. + _Min_Stack_Size)
 *fill*         0x00000000200002a0      0x400 
                0x00000000200006a0                . = ALIGN (0x8)

/DISCARD/
 libc.a(*)
 libm.a(*)
 libgcc.a(*)

.ARM.attributes
                0x0000000000000000       0x29
 *(.ARM.attributes)
 .ARM.attributes
                0x0000000000000000       0x1d c:/st/stm32cubeide_1.4.0/stm32cubeide/plugins/com.st.stm32cube.ide.mcu.externaltools.gnu-tools-for-stm32.7-2018-q2-update.win32_1.4.0.202007081208/tools/bin/../lib/gcc/arm-none-eabi/7.3.1/thumb/v7-m/crti.o
 .ARM.attributes
                0x000000000000001d       0x2d c:/st/stm32cubeide_1.4.0/stm32cubeide/plugins/com.st.stm32cube.ide.mcu.externaltools.gnu-tools-for-stm32.7-2018-q2-update.win32_1.4.0.202007081208/tools/bin/../lib/gcc/arm-none-eabi/7.3.1/thumb/v7-m/crtbegin.o
 .ARM.attributes
                0x000000000000004a       0x33 HAL/EEPROM/I2C_Slave_EEPROM.o
 .ARM.attributes
                0x000000000000007d       0x33 MCAL/stm32F103x6_SPI_Driver.o
 .ARM.attributes
                0x00000000000000b0       0x33 MCAL/stm32f103x6_EXTI_Driver.o
 .ARM.attributes
                0x00000000000000e3       0x33 MCAL/stm32f103x6_GPIO_Driver.o
 .ARM.attributes
                0x0000000000000116       0x33 MCAL/stm32f103x6_I2C_Driver.o
 .ARM.attributes
                0x0000000000000149       0x33 MCAL/stm32f103x6_RCC_Driver.o
 .ARM.attributes
                0x000000000000017c       0x33 MCAL/stm32f103x6_USART_Driver.o
 .ARM.attributes
                0x00000000000001af       0x33 Src/main.o
 .ARM.attributes
                0x00000000000001e2       0x21 Startup/startup_stm32f103c6tx.o
 .ARM.attributes
                0x0000000000000203       0x2d c:/st/stm32cubeide_1.4.0/stm32cubeide/plugins/com.st.stm32cube.ide.mcu.externaltools.gnu-tools-for-stm32.7-2018-q2-update.win32_1.4.0.202007081208/tools/bin/../lib/gcc/arm-none-eabi/7.3.1/../../../../arm-none-eabi/lib/thumb/v7-m\libc_nano.a(lib_a-init.o)
 .ARM.attributes
                0x0000000000000230       0x1d c:/st/stm32cubeide_1.4.0/stm32cubeide/plugins/com.st.stm32cube.ide.mcu.externaltools.gnu-tools-for-stm32.7-2018-q2-update.win32_1.4.0.202007081208/tools/bin/../lib/gcc/arm-none-eabi/7.3.1/thumb/v7-m/crtn.o
OUTPUT(STM32F103x6_Driver.elf elf32-littlearm)

.debug_info     0x0000000000000000     0x6c1c
 .debug_info    0x0000000000000000      0xca7 HAL/EEPROM/I2C_Slave_EEPROM.o
 .debug_info    0x0000000000000ca7      0xec1 MCAL/stm32F103x6_SPI_Driver.o
 .debug_info    0x0000000000001b68      0xdb1 MCAL/stm32f103x6_EXTI_Driver.o
 .debug_info    0x0000000000002919      0xd5d MCAL/stm32f103x6_GPIO_Driver.o
 .debug_info    0x0000000000003676     0x119f MCAL/stm32f103x6_I2C_Driver.o
 .debug_info    0x0000000000004815      0xb18 MCAL/stm32f103x6_RCC_Driver.o
 .debug_info    0x000000000000532d      0xe0f MCAL/stm32f103x6_USART_Driver.o
 .debug_info    0x000000000000613c      0xabe Src/main.o
 .debug_info    0x0000000000006bfa       0x22 Startup/startup_stm32f103c6tx.o

.debug_abbrev   0x0000000000000000     0x10a8
 .debug_abbrev  0x0000000000000000      0x1d1 HAL/EEPROM/I2C_Slave_EEPROM.o
 .debug_abbrev  0x00000000000001d1      0x261 MCAL/stm32F103x6_SPI_Driver.o
 .debug_abbrev  0x0000000000000432      0x243 MCAL/stm32f103x6_EXTI_Driver.o
 .debug_abbrev  0x0000000000000675      0x232 MCAL/stm32f103x6_GPIO_Driver.o
 .debug_abbrev  0x00000000000008a7      0x271 MCAL/stm32f103x6_I2C_Driver.o
 .debug_abbrev  0x0000000000000b18      0x1aa MCAL/stm32f103x6_RCC_Driver.o
 .debug_abbrev  0x0000000000000cc2      0x23d MCAL/stm32f103x6_USART_Driver.o
 .debug_abbrev  0x0000000000000eff      0x197 Src/main.o
 .debug_abbrev  0x0000000000001096       0x12 Startup/startup_stm32f103c6tx.o

.debug_loc      0x0000000000000000     0x1202
 .debug_loc     0x0000000000000000       0xf2 HAL/EEPROM/I2C_Slave_EEPROM.o
 .debug_loc     0x00000000000000f2      0x2bc MCAL/stm32F103x6_SPI_Driver.o
 .debug_loc     0x00000000000003ae      0x320 MCAL/stm32f103x6_EXTI_Driver.o
 .debug_loc     0x00000000000006ce      0x330 MCAL/stm32f103x6_GPIO_Driver.o
 .debug_loc     0x00000000000009fe      0x414 MCAL/stm32f103x6_I2C_Driver.o
 .debug_loc     0x0000000000000e12       0xe0 MCAL/stm32f103x6_RCC_Driver.o
 .debug_loc     0x0000000000000ef2      0x294 MCAL/stm32f103x6_USART_Driver.o
 .debug_loc     0x0000000000001186       0x7c Src/main.o

.debug_aranges  0x0000000000000000      0x2c8
 .debug_aranges
                0x0000000000000000       0x30 HAL/EEPROM/I2C_Slave_EEPROM.o
 .debug_aranges
                0x0000000000000030       0x58 MCAL/stm32F103x6_SPI_Driver.o
 .debug_aranges
                0x0000000000000088       0x80 MCAL/stm32f103x6_EXTI_Driver.o
 .debug_aranges
                0x0000000000000108       0x60 MCAL/stm32f103x6_GPIO_Driver.o
 .debug_aranges
                0x0000000000000168       0x78 MCAL/stm32f103x6_I2C_Driver.o
 .debug_aranges
                0x00000000000001e0       0x38 MCAL/stm32f103x6_RCC_Driver.o
 .debug_aranges
                0x0000000000000218       0x60 MCAL/stm32f103x6_USART_Driver.o
 .debug_aranges
                0x0000000000000278       0x28 Src/main.o
 .debug_aranges
                0x00000000000002a0       0x28 Startup/startup_stm32f103c6tx.o

.debug_ranges   0x0000000000000000      0x240
 .debug_ranges  0x0000000000000000       0x20 HAL/EEPROM/I2C_Slave_EEPROM.o
 .debug_ranges  0x0000000000000020       0x48 MCAL/stm32F103x6_SPI_Driver.o
 .debug_ranges  0x0000000000000068       0x70 MCAL/stm32f103x6_EXTI_Driver.o
 .debug_ranges  0x00000000000000d8       0x50 MCAL/stm32f103x6_GPIO_Driver.o
 .debug_ranges  0x0000000000000128       0x68 MCAL/stm32f103x6_I2C_Driver.o
 .debug_ranges  0x0000000000000190       0x28 MCAL/stm32f103x6_RCC_Driver.o
 .debug_ranges  0x00000000000001b8       0x50 MCAL/stm32f103x6_USART_Driver.o
 .debug_ranges  0x0000000000000208       0x18 Src/main.o
 .debug_ranges  0x0000000000000220       0x20 Startup/startup_stm32f103c6tx.o

.debug_macro    0x0000000000000000     0x346e
 .debug_macro   0x0000000000000000      0x175 HAL/EEPROM/I2C_Slave_EEPROM.o
 .debug_macro   0x0000000000000175      0xa60 HAL/EEPROM/I2C_Slave_EEPROM.o
 .debug_macro   0x0000000000000bd5       0x18 HAL/EEPROM/I2C_Slave_EEPROM.o
 .debug_macro   0x0000000000000bed       0x22 HAL/EEPROM/I2C_Slave_EEPROM.o
 .debug_macro   0x0000000000000c0f       0x40 HAL/EEPROM/I2C_Slave_EEPROM.o
 .debug_macro   0x0000000000000c4f       0x94 HAL/EEPROM/I2C_Slave_EEPROM.o
 .debug_macro   0x0000000000000ce3       0x3c HAL/EEPROM/I2C_Slave_EEPROM.o
 .debug_macro   0x0000000000000d1f       0x34 HAL/EEPROM/I2C_Slave_EEPROM.o
 .debug_macro   0x0000000000000d53       0x16 HAL/EEPROM/I2C_Slave_EEPROM.o
 .debug_macro   0x0000000000000d69      0x10e HAL/EEPROM/I2C_Slave_EEPROM.o
 .debug_macro   0x0000000000000e77       0x8d HAL/EEPROM/I2C_Slave_EEPROM.o
 .debug_macro   0x0000000000000f04       0x57 HAL/EEPROM/I2C_Slave_EEPROM.o
 .debug_macro   0x0000000000000f5b       0x52 HAL/EEPROM/I2C_Slave_EEPROM.o
 .debug_macro   0x0000000000000fad       0x1f HAL/EEPROM/I2C_Slave_EEPROM.o
 .debug_macro   0x0000000000000fcc       0x43 HAL/EEPROM/I2C_Slave_EEPROM.o
 .debug_macro   0x000000000000100f       0x20 HAL/EEPROM/I2C_Slave_EEPROM.o
 .debug_macro   0x000000000000102f      0x1a3 HAL/EEPROM/I2C_Slave_EEPROM.o
 .debug_macro   0x00000000000011d2      0x330 HAL/EEPROM/I2C_Slave_EEPROM.o
 .debug_macro   0x0000000000001502       0x16 HAL/EEPROM/I2C_Slave_EEPROM.o
 .debug_macro   0x0000000000001518       0x29 HAL/EEPROM/I2C_Slave_EEPROM.o
 .debug_macro   0x0000000000001541       0xef HAL/EEPROM/I2C_Slave_EEPROM.o
 .debug_macro   0x0000000000001630       0x6a HAL/EEPROM/I2C_Slave_EEPROM.o
 .debug_macro   0x000000000000169a      0x1df HAL/EEPROM/I2C_Slave_EEPROM.o
 .debug_macro   0x0000000000001879      0x6c6 HAL/EEPROM/I2C_Slave_EEPROM.o
 .debug_macro   0x0000000000001f3f       0xd0 HAL/EEPROM/I2C_Slave_EEPROM.o
 .debug_macro   0x000000000000200f       0x10 HAL/EEPROM/I2C_Slave_EEPROM.o
 .debug_macro   0x000000000000201f       0x64 HAL/EEPROM/I2C_Slave_EEPROM.o
 .debug_macro   0x0000000000002083      0x16a MCAL/stm32F103x6_SPI_Driver.o
 .debug_macro   0x00000000000021ed      0x6c6 MCAL/stm32F103x6_SPI_Driver.o
 .debug_macro   0x00000000000028b3       0xc9 MCAL/stm32F103x6_SPI_Driver.o
 .debug_macro   0x000000000000297c      0x158 MCAL/stm32f103x6_EXTI_Driver.o
 .debug_macro   0x0000000000002ad4       0xe2 MCAL/stm32f103x6_EXTI_Driver.o
 .debug_macro   0x0000000000002bb6      0x13f MCAL/stm32f103x6_GPIO_Driver.o
 .debug_macro   0x0000000000002cf5      0x171 MCAL/stm32f103x6_I2C_Driver.o
 .debug_macro   0x0000000000002e66      0x13f MCAL/stm32f103x6_RCC_Driver.o
 .debug_macro   0x0000000000002fa5      0x15b MCAL/stm32f103x6_USART_Driver.o
 .debug_macro   0x0000000000003100       0x16 MCAL/stm32f103x6_USART_Driver.o
 .debug_macro   0x0000000000003116       0xe2 MCAL/stm32f103x6_USART_Driver.o
 .debug_macro   0x00000000000031f8      0x197 Src/main.o
 .debug_macro   0x000000000000338f       0xcf Src/main.o
 .debug_macro   0x000000000000345e       0x10 Src/main.o

.debug_line     0x0000000000000000     0x370b
 .debug_line    0x0000000000000000      0x68e HAL/EEPROM/I2C_Slave_EEPROM.o
 .debug_line    0x000000000000068e      0x6d3 MCAL/stm32F103x6_SPI_Driver.o
 .debug_line    0x0000000000000d61      0x753 MCAL/stm32f103x6_EXTI_Driver.o
 .debug_line    0x00000000000014b4      0x697 MCAL/stm32f103x6_GPIO_Driver.o
 .debug_line    0x0000000000001b4b      0x795 MCAL/stm32f103x6_I2C_Driver.o
 .debug_line    0x00000000000022e0      0x5b8 MCAL/stm32f103x6_RCC_Driver.o
 .debug_line    0x0000000000002898      0x740 MCAL/stm32f103x6_USART_Driver.o
 .debug_line    0x0000000000002fd8      0x6af Src/main.o
 .debug_line    0x0000000000003687       0x84 Startup/startup_stm32f103c6tx.o

.debug_str      0x0000000000000000     0xb4a6
 .debug_str     0x0000000000000000     0x98aa HAL/EEPROM/I2C_Slave_EEPROM.o
                                       0x9b21 (size before relaxing)
 .debug_str     0x00000000000098aa      0x84c MCAL/stm32F103x6_SPI_Driver.o
                                       0x9e17 (size before relaxing)
 .debug_str     0x000000000000a0f6      0x75f MCAL/stm32f103x6_EXTI_Driver.o
                                       0x9d78 (size before relaxing)
 .debug_str     0x000000000000a855      0x10b MCAL/stm32f103x6_GPIO_Driver.o
                                       0x9753 (size before relaxing)
 .debug_str     0x000000000000a960      0x234 MCAL/stm32f103x6_I2C_Driver.o
                                       0x9d5c (size before relaxing)
 .debug_str     0x000000000000ab94       0x95 MCAL/stm32f103x6_RCC_Driver.o
                                       0x92be (size before relaxing)
 .debug_str     0x000000000000ac29      0x7bb MCAL/stm32f103x6_USART_Driver.o
                                       0x9e8d (size before relaxing)
 .debug_str     0x000000000000b3e4       0x1e Src/main.o
                                       0xa9d2 (size before relaxing)
 .debug_str     0x000000000000b402       0xa4 Startup/startup_stm32f103c6tx.o

.comment        0x0000000000000000       0x7b
 .comment       0x0000000000000000       0x7b HAL/EEPROM/I2C_Slave_EEPROM.o
                                         0x7c (size before relaxing)
 .comment       0x000000000000007b       0x7c MCAL/stm32F103x6_SPI_Driver.o
 .comment       0x000000000000007b       0x7c MCAL/stm32f103x6_EXTI_Driver.o
 .comment       0x000000000000007b       0x7c MCAL/stm32f103x6_GPIO_Driver.o
 .comment       0x000000000000007b       0x7c MCAL/stm32f103x6_I2C_Driver.o
 .comment       0x000000000000007b       0x7c MCAL/stm32f103x6_RCC_Driver.o
 .comment       0x000000000000007b       0x7c MCAL/stm32f103x6_USART_Driver.o
 .comment       0x000000000000007b       0x7c Src/main.o

.debug_frame    0x0000000000000000      0x920
 .debug_frame   0x0000000000000000       0x80 HAL/EEPROM/I2C_Slave_EEPROM.o
 .debug_frame   0x0000000000000080      0x144 MCAL/stm32F103x6_SPI_Driver.o
 .debug_frame   0x00000000000001c4      0x1b0 MCAL/stm32f103x6_EXTI_Driver.o
 .debug_frame   0x0000000000000374      0x178 MCAL/stm32f103x6_GPIO_Driver.o
 .debug_frame   0x00000000000004ec      0x1e0 MCAL/stm32f103x6_I2C_Driver.o
 .debug_frame   0x00000000000006cc       0x8c MCAL/stm32f103x6_RCC_Driver.o
 .debug_frame   0x0000000000000758      0x14c MCAL/stm32f103x6_USART_Driver.o
 .debug_frame   0x00000000000008a4       0x50 Src/main.o
 .debug_frame   0x00000000000008f4       0x2c c:/st/stm32cubeide_1.4.0/stm32cubeide/plugins/com.st.stm32cube.ide.mcu.externaltools.gnu-tools-for-stm32.7-2018-q2-update.win32_1.4.0.202007081208/tools/bin/../lib/gcc/arm-none-eabi/7.3.1/../../../../arm-none-eabi/lib/thumb/v7-m\libc_nano.a(lib_a-init.o)
