stm32f103x6_EXTI_Driver.c:29:13:Enable_NVIC	16	static
stm32f103x6_EXTI_Driver.c:52:13:Disable_NVIC	16	static
stm32f103x6_EXTI_Driver.c:74:13:Update_EXTI	24	static
stm32f103x6_EXTI_Driver.c:160:6:MCAL_EXTI_GPIO_Init	16	static
stm32f103x6_EXTI_Driver.c:171:6:MCAL_EXTI_GPIO_Deinit	4	static
stm32f103x6_EXTI_Driver.c:198:6:MCAL_EXTI_GPIO_Update	16	static
stm32f103x6_EXTI_Driver.c:206:6:EXTI0_IRQHandler	8	static
stm32f103x6_EXTI_Driver.c:214:6:EXTI1_IRQHandler	8	static
stm32f103x6_EXTI_Driver.c:223:6:EXTI2_IRQHandler	8	static
stm32f103x6_EXTI_Driver.c:231:6:EXTI3_IRQHandler	8	static
stm32f103x6_EXTI_Driver.c:239:6:EXTI4_IRQHandler	8	static
stm32f103x6_EXTI_Driver.c:249:6:EXTI9_5_IRQHandler	8	static
stm32f103x6_EXTI_Driver.c:259:6:EXTI15_10_IRQHandler	8	static
