Archive member included to satisfy reference by file (symbol)

c:/st/stm32cubeide_1.4.0/stm32cubeide/plugins/com.st.stm32cube.ide.mcu.externaltools.gnu-tools-for-stm32.7-2018-q2-update.win32_1.4.0.202007081208/tools/bin/../lib/gcc/arm-none-eabi/7.3.1/../../../../arm-none-eabi/lib/thumb/v7-m\libc_nano.a(lib_a-errno.o)
                              Src/syscalls.o (__errno)
c:/st/stm32cubeide_1.4.0/stm32cubeide/plugins/com.st.stm32cube.ide.mcu.externaltools.gnu-tools-for-stm32.7-2018-q2-update.win32_1.4.0.202007081208/tools/bin/../lib/gcc/arm-none-eabi/7.3.1/../../../../arm-none-eabi/lib/thumb/v7-m\libc_nano.a(lib_a-exit.o)
                              c:/st/stm32cubeide_1.4.0/stm32cubeide/plugins/com.st.stm32cube.ide.mcu.externaltools.gnu-tools-for-stm32.7-2018-q2-update.win32_1.4.0.202007081208/tools/bin/../lib/gcc/arm-none-eabi/7.3.1/../../../../arm-none-eabi/lib/thumb/v7-m/crt0.o (exit)
c:/st/stm32cubeide_1.4.0/stm32cubeide/plugins/com.st.stm32cube.ide.mcu.externaltools.gnu-tools-for-stm32.7-2018-q2-update.win32_1.4.0.202007081208/tools/bin/../lib/gcc/arm-none-eabi/7.3.1/../../../../arm-none-eabi/lib/thumb/v7-m\libc_nano.a(lib_a-impure.o)
                              c:/st/stm32cubeide_1.4.0/stm32cubeide/plugins/com.st.stm32cube.ide.mcu.externaltools.gnu-tools-for-stm32.7-2018-q2-update.win32_1.4.0.202007081208/tools/bin/../lib/gcc/arm-none-eabi/7.3.1/../../../../arm-none-eabi/lib/thumb/v7-m\libc_nano.a(lib_a-exit.o) (_global_impure_ptr)
c:/st/stm32cubeide_1.4.0/stm32cubeide/plugins/com.st.stm32cube.ide.mcu.externaltools.gnu-tools-for-stm32.7-2018-q2-update.win32_1.4.0.202007081208/tools/bin/../lib/gcc/arm-none-eabi/7.3.1/../../../../arm-none-eabi/lib/thumb/v7-m\libc_nano.a(lib_a-init.o)
                              c:/st/stm32cubeide_1.4.0/stm32cubeide/plugins/com.st.stm32cube.ide.mcu.externaltools.gnu-tools-for-stm32.7-2018-q2-update.win32_1.4.0.202007081208/tools/bin/../lib/gcc/arm-none-eabi/7.3.1/../../../../arm-none-eabi/lib/thumb/v7-m/crt0.o (__libc_init_array)
c:/st/stm32cubeide_1.4.0/stm32cubeide/plugins/com.st.stm32cube.ide.mcu.externaltools.gnu-tools-for-stm32.7-2018-q2-update.win32_1.4.0.202007081208/tools/bin/../lib/gcc/arm-none-eabi/7.3.1/../../../../arm-none-eabi/lib/thumb/v7-m\libc_nano.a(lib_a-memset.o)
                              c:/st/stm32cubeide_1.4.0/stm32cubeide/plugins/com.st.stm32cube.ide.mcu.externaltools.gnu-tools-for-stm32.7-2018-q2-update.win32_1.4.0.202007081208/tools/bin/../lib/gcc/arm-none-eabi/7.3.1/../../../../arm-none-eabi/lib/thumb/v7-m/crt0.o (memset)
c:/st/stm32cubeide_1.4.0/stm32cubeide/plugins/com.st.stm32cube.ide.mcu.externaltools.gnu-tools-for-stm32.7-2018-q2-update.win32_1.4.0.202007081208/tools/bin/../lib/gcc/arm-none-eabi/7.3.1/../../../../arm-none-eabi/lib/thumb/v7-m\libc_nano.a(lib_a-strcmp.o)
                              My _RTOS/Scheduler.o (strcmp)

Allocating common symbols
Common symbol       size              file

Mutex1              0x30              Src/main.o
Task4               0x44              Src/main.o
OS_Control          0x1ac             My _RTOS/Scheduler.o
Task1               0x44              Src/main.o
Task4LED            0x1               Src/main.o
Ready_QUEUE         0x14              My _RTOS/Scheduler.o
MYRTOS_idleTask     0x44              My _RTOS/Scheduler.o
PinConfig           0x4               HAL/Seven_segment/Seven_segment.o
SysTicks            0x1               My _RTOS/CortexMX_OS_Porting.o
Task2LED            0x1               Src/main.o
Task3               0x44              Src/main.o
Task1LED            0x1               Src/main.o
PinCfg              0x4               HAL/LCD/LCD.o
IdleTaskLED         0x1               My _RTOS/Scheduler.o
Task2               0x44              Src/main.o
GP_IRQ_CallBack     0x3c              MCAL/stm32f103x6_EXTI_Driver.o
Ready_QUEUE_FIFO    0x190             My _RTOS/Scheduler.o
Task3LED            0x1               Src/main.o

Discarded input sections

 .text          0x0000000000000000        0x0 c:/st/stm32cubeide_1.4.0/stm32cubeide/plugins/com.st.stm32cube.ide.mcu.externaltools.gnu-tools-for-stm32.7-2018-q2-update.win32_1.4.0.202007081208/tools/bin/../lib/gcc/arm-none-eabi/7.3.1/thumb/v7-m/crti.o
 .data          0x0000000000000000        0x0 c:/st/stm32cubeide_1.4.0/stm32cubeide/plugins/com.st.stm32cube.ide.mcu.externaltools.gnu-tools-for-stm32.7-2018-q2-update.win32_1.4.0.202007081208/tools/bin/../lib/gcc/arm-none-eabi/7.3.1/thumb/v7-m/crti.o
 .bss           0x0000000000000000        0x0 c:/st/stm32cubeide_1.4.0/stm32cubeide/plugins/com.st.stm32cube.ide.mcu.externaltools.gnu-tools-for-stm32.7-2018-q2-update.win32_1.4.0.202007081208/tools/bin/../lib/gcc/arm-none-eabi/7.3.1/thumb/v7-m/crti.o
 .data          0x0000000000000000        0x4 c:/st/stm32cubeide_1.4.0/stm32cubeide/plugins/com.st.stm32cube.ide.mcu.externaltools.gnu-tools-for-stm32.7-2018-q2-update.win32_1.4.0.202007081208/tools/bin/../lib/gcc/arm-none-eabi/7.3.1/thumb/v7-m/crtbegin.o
[...]
Memory Configuration

Name             Origin             Length             Attributes
RAM              0x0000000020000000 0x0000000000002800 xrw
ROM              0x0000000008000000 0x0000000000008000 xr
*default*        0x0000000000000000 0xffffffffffffffff

Linker script and memory map

LOAD c:/st/stm32cubeide_1.4.0/stm32cubeide/plugins/com.st.stm32cube.ide.mcu.externaltools.gnu-tools-for-stm32.7-2018-q2-update.win32_1.4.0.202007081208/tools/bin/../lib/gcc/arm-none-eabi/7.3.1/thumb/v7-m/crti.o
LOAD c:/st/stm32cubeide_1.4.0/stm32cubeide/plugins/com.st.stm32cube.ide.mcu.externaltools.gnu-tools-for-stm32.7-2018-q2-update.win32_1.4.0.202007081208/tools/bin/../lib/gcc/arm-none-eabi/7.3.1/thumb/v7-m/crtbegin.o
LOAD c:/st/stm32cubeide_1.4.0/stm32cubeide/plugins/com.st.stm32cube.ide.mcu.externaltools.gnu-tools-for-stm32.7-2018-q2-update.win32_1.4.0.202007081208/tools/bin/../lib/gcc/arm-none-eabi/7.3.1/../../../../arm-none-eabi/lib/thumb/v7-m/crt0.o
LOAD HAL/Keypad/Keypad.o
LOAD HAL/LCD/LCD.o
LOAD HAL/Seven_segment/Seven_segment.o
LOAD MCAL/stm32f103x6_EXTI_Driver.o
LOAD MCAL/stm32f103x6_GPIO_Driver.o
LOAD MCAL/stm32f103x6_RCC_Driver.o
LOAD My _RTOS/CortexMX_OS_Porting.o
LOAD My _RTOS/MYRTOS_FIFO.o
LOAD My _RTOS/Scheduler.o
LOAD Src/main.o
LOAD Src/syscalls.o
LOAD Src/sysmem.o
LOAD Startup/startup_stm32f103c6tx.o
START GROUP
LOAD c:/st/stm32cubeide_1.4.0/stm32cubeide/plugins/com.st.stm32cube.ide.mcu.externaltools.gnu-tools-for-stm32.7-2018-q2-update.win32_1.4.0.202007081208/tools/bin/../lib/gcc/arm-none-eabi/7.3.1/../../../../arm-none-eabi/lib/thumb/v7-m\libc_nano.a
LOAD c:/st/stm32cubeide_1.4.0/stm32cubeide/plugins/com.st.stm32cube.ide.mcu.externaltools.gnu-tools-for-stm32.7-2018-q2-update.win32_1.4.0.202007081208/tools/bin/../lib/gcc/arm-none-eabi/7.3.1/../../../../arm-none-eabi/lib/thumb/v7-m\libm.a
END GROUP
START GROUP
LOAD c:/st/stm32cubeide_1.4.0/stm32cubeide/plugins/com.st.stm32cube.ide.mcu.externaltools.gnu-tools-for-stm32.7-2018-q2-update.win32_1.4.0.202007081208/tools/bin/../lib/gcc/arm-none-eabi/7.3.1/thumb/v7-m\libgcc.a
LOAD c:/st/stm32cubeide_1.4.0/stm32cubeide/plugins/com.st.stm32cube.ide.mcu.externaltools.gnu-tools-for-stm32.7-2018-q2-update.win32_1.4.0.202007081208/tools/bin/../lib/gcc/arm-none-eabi/7.3.1/../../../../arm-none-eabi/lib/thumb/v7-m\libg_nano.a
LOAD c:/st/stm32cubeide_1.4.0/stm32cubeide/plugins/com.st.stm32cube.ide.mcu.externaltools.gnu-tools-for-stm32.7-2018-q2-update.win32_1.4.0.202007081208/tools/bin/../lib/gcc/arm-none-eabi/7.3.1/../../../../arm-none-eabi/lib/thumb/v7-m\libc_nano.a
END GROUP
START GROUP
LOAD c:/st/stm32cubeide_1.4.0/stm32cubeide/plugins/com.st.stm32cube.ide.mcu.externaltools.gnu-tools-for-stm32.7-2018-q2-update.win32_1.4.0.202007081208/tools/bin/../lib/gcc/arm-none-eabi/7.3.1/thumb/v7-m\libgcc.a
LOAD c:/st/stm32cubeide_1.4.0/stm32cubeide/plugins/com.st.stm32cube.ide.mcu.externaltools.gnu-tools-for-stm32.7-2018-q2-update.win32_1.4.0.202007081208/tools/bin/../lib/gcc/arm-none-eabi/7.3.1/../../../../arm-none-eabi/lib/thumb/v7-m\libc_nano.a
LOAD c:/st/stm32cubeide_1.4.0/stm32cubeide/plugins/com.st.stm32cube.ide.mcu.externaltools.gnu-tools-for-stm32.7-2018-q2-update.win32_1.4.0.202007081208/tools/bin/../lib/gcc/arm-none-eabi/7.3.1/../../../../arm-none-eabi/lib/thumb/v7-m\libnosys.a
END GROUP
START GROUP
LOAD c:/st/stm32cubeide_1.4.0/stm32cubeide/plugins/com.st.stm32cube.ide.mcu.externaltools.gnu-tools-for-stm32.7-2018-q2-update.win32_1.4.0.202007081208/tools/bin/../lib/gcc/arm-none-eabi/7.3.1/thumb/v7-m\libgcc.a
LOAD c:/st/stm32cubeide_1.4.0/stm32cubeide/plugins/com.st.stm32cube.ide.mcu.externaltools.gnu-tools-for-stm32.7-2018-q2-update.win32_1.4.0.202007081208/tools/bin/../lib/gcc/arm-none-eabi/7.3.1/../../../../arm-none-eabi/lib/thumb/v7-m\libc_nano.a
LOAD c:/st/stm32cubeide_1.4.0/stm32cubeide/plugins/com.st.stm32cube.ide.mcu.externaltools.gnu-tools-for-stm32.7-2018-q2-update.win32_1.4.0.202007081208/tools/bin/../lib/gcc/arm-none-eabi/7.3.1/../../../../arm-none-eabi/lib/thumb/v7-m\libnosys.a
END GROUP
LOAD c:/st/stm32cubeide_1.4.0/stm32cubeide/plugins/com.st.stm32cube.ide.mcu.externaltools.gnu-tools-for-stm32.7-2018-q2-update.win32_1.4.0.202007081208/tools/bin/../lib/gcc/arm-none-eabi/7.3.1/thumb/v7-m/crtend.o
LOAD c:/st/stm32cubeide_1.4.0/stm32cubeide/plugins/com.st.stm32cube.ide.mcu.externaltools.gnu-tools-for-stm32.7-2018-q2-update.win32_1.4.0.202007081208/tools/bin/../lib/gcc/arm-none-eabi/7.3.1/thumb/v7-m/crtn.o
                0x0000000020002800                _estack = (ORIGIN (RAM) + LENGTH (RAM))
                0x0000000000000200                _Min_Heap_Size = 0x200
                0x0000000000000400                _Min_Stack_Size = 0x400

.isr_vector     0x0000000008000000      0x130
                0x0000000008000000                . = ALIGN (0x4)
 *(.isr_vector)
 .isr_vector    0x0000000008000000      0x130 Startup/startup_stm32f103c6tx.o
                0x0000000008000000                g_pfnVectors
                0x0000000008000130                . = ALIGN (0x4)

.text           0x0000000008000130     0x1018
                0x0000000008000130                . = ALIGN (0x4)
 *(.text)
 .text          0x0000000008000130       0x40 c:/st/stm32cubeide_1.4.0/stm32cubeide/plugins/com.st.stm32cube.ide.mcu.externaltools.gnu-tools-for-stm32.7-2018-q2-update.win32_1.4.0.202007081208/tools/bin/../lib/gcc/arm-none-eabi/7.3.1/thumb/v7-m/crtbegin.o
 .text          0x0000000008000170       0x14 c:/st/stm32cubeide_1.4.0/stm32cubeide/plugins/com.st.stm32cube.ide.mcu.externaltools.gnu-tools-for-stm32.7-2018-q2-update.win32_1.4.0.202007081208/tools/bin/../lib/gcc/arm-none-eabi/7.3.1/../../../../arm-none-eabi/lib/thumb/v7-m\libc_nano.a(lib_a-strcmp.o)
                0x0000000008000170                strcmp
 *(.text*)
 .text.EXTI0_IRQHandler
                0x0000000008000184       0x24 MCAL/stm32f103x6_EXTI_Driver.o
                0x0000000008000184                EXTI0_IRQHandler
 .text.EXTI1_IRQHandler
                0x00000000080001a8       0x24 MCAL/stm32f103x6_EXTI_Driver.o
                0x00000000080001a8                EXTI1_IRQHandler
 .text.EXTI2_IRQHandler
                0x00000000080001cc       0x24 MCAL/stm32f103x6_EXTI_Driver.o
                0x00000000080001cc                EXTI2_IRQHandler
 .text.EXTI3_IRQHandler
                0x00000000080001f0       0x24 MCAL/stm32f103x6_EXTI_Driver.o
                0x00000000080001f0                EXTI3_IRQHandler
 .text.EXTI4_IRQHandler
                0x0000000008000214       0x24 MCAL/stm32f103x6_EXTI_Driver.o
                0x0000000008000214                EXTI4_IRQHandler
 .text.EXTI9_5_IRQHandler
                0x0000000008000238       0xa8 MCAL/stm32f103x6_EXTI_Driver.o
                0x0000000008000238                EXTI9_5_IRQHandler
 .text.EXTI15_10_IRQHandler
                0x00000000080002e0       0xc4 MCAL/stm32f103x6_EXTI_Driver.o
                0x00000000080002e0                EXTI15_10_IRQHandler
 .text.__NVIC_SetPriority
                0x00000000080003a4       0x54 My _RTOS/CortexMX_OS_Porting.o
 .text.SysTick_Config
                0x00000000080003f8       0x44 My _RTOS/CortexMX_OS_Porting.o
 .text.HardFault_Handler
                0x000000000800043c        0x6 My _RTOS/CortexMX_OS_Porting.o
                0x000000000800043c                HardFault_Handler
 .text.MemManage_Handler
                0x0000000008000442        0x6 My _RTOS/CortexMX_OS_Porting.o
                0x0000000008000442                MemManage_Handler
 .text.BusFault_Handler
                0x0000000008000448        0x6 My _RTOS/CortexMX_OS_Porting.o
                0x0000000008000448                BusFault_Handler
 .text.UsageFault_Handler
                0x000000000800044e        0x6 My _RTOS/CortexMX_OS_Porting.o
                0x000000000800044e                UsageFault_Handler
 .text.SVC_Handler
                0x0000000008000454       0x14 My _RTOS/CortexMX_OS_Porting.o
                0x0000000008000454                SVC_Handler
 .text.trigger_OS_PendSV
                0x0000000008000468       0x1c My _RTOS/CortexMX_OS_Porting.o
                0x0000000008000468                trigger_OS_PendSV
 .text.HW_Init  0x0000000008000484       0x12 My _RTOS/CortexMX_OS_Porting.o
                0x0000000008000484                HW_Init
 .text.Start_Ticker
                0x0000000008000496       0x10 My _RTOS/CortexMX_OS_Porting.o
                0x0000000008000496                Start_Ticker
 *fill*         0x00000000080004a6        0x2 
 .text.SysTick_Handler
                0x00000000080004a8       0x28 My _RTOS/CortexMX_OS_Porting.o
                0x00000000080004a8                SysTick_Handler
 .text.FIFO_init
                0x00000000080004d0       0x44 My _RTOS/MYRTOS_FIFO.o
                0x00000000080004d0                FIFO_init
 .text.FIFO_enqueue
                0x0000000008000514       0x86 My _RTOS/MYRTOS_FIFO.o
                0x0000000008000514                FIFO_enqueue
 .text.FIFO_dequeue
                0x000000000800059a       0x7c My _RTOS/MYRTOS_FIFO.o
                0x000000000800059a                FIFO_dequeue
 *fill*         0x0000000008000616        0x2 
 .text.MYRTOS_Cereate_MainStack
                0x0000000008000618       0x3c My _RTOS/Scheduler.o
                0x0000000008000618                MYRTOS_Cereate_MainStack
 .text.MYRTOS_IdleTask
                0x0000000008000654       0x1c My _RTOS/Scheduler.o
                0x0000000008000654                MYRTOS_IdleTask
 .text.MYRTOS_Init
                0x0000000008000670       0x80 My _RTOS/Scheduler.o
                0x0000000008000670                MYRTOS_Init
 .text.MyRTOS_Create_TaskStack
                0x00000000080006f0       0x7c My _RTOS/Scheduler.o
                0x00000000080006f0                MyRTOS_Create_TaskStack
 .text.MYRTOS_CreateTask
                0x000000000800076c       0x7c My _RTOS/Scheduler.o
                0x000000000800076c                MYRTOS_CreateTask
 .text.bubbleSort
                0x00000000080007e8       0x90 My _RTOS/Scheduler.o
                0x00000000080007e8                bubbleSort
 .text.MYTROS_Update_Sechduler_Table
                0x0000000008000878       0x90 My _RTOS/Scheduler.o
                0x0000000008000878                MYTROS_Update_Sechduler_Table
 .text.PendSV_Handler
                0x0000000008000908      0x1c4 My _RTOS/Scheduler.o
                0x0000000008000908                PendSV_Handler
 .text.Decide_WhatNext
                0x0000000008000acc       0xa4 My _RTOS/Scheduler.o
                0x0000000008000acc                Decide_WhatNext
 .text.MYRTOS_SVC_Services
                0x0000000008000b70       0x6c My _RTOS/Scheduler.o
                0x0000000008000b70                MYRTOS_SVC_Services
 .text.MYRTOS_SVC_Set
                0x0000000008000bdc       0x4c My _RTOS/Scheduler.o
                0x0000000008000bdc                MYRTOS_SVC_Set
 .text.MYRTOS_ActivateTask
                0x0000000008000c28       0x1e My _RTOS/Scheduler.o
                0x0000000008000c28                MYRTOS_ActivateTask
 .text.MYRTOS_TerminateTask
                0x0000000008000c46       0x1e My _RTOS/Scheduler.o
                0x0000000008000c46                MYRTOS_TerminateTask
 .text.MYRTOS_STARTOS
                0x0000000008000c64       0x60 My _RTOS/Scheduler.o
                0x0000000008000c64                MYRTOS_STARTOS
 .text.MYRTOS_Update_TasksWaitingTime
                0x0000000008000cc4       0x88 My _RTOS/Scheduler.o
                0x0000000008000cc4                MYRTOS_Update_TasksWaitingTime
 .text.MYRTOS_AcquireMutex
                0x0000000008000d4c       0x46 My _RTOS/Scheduler.o
                0x0000000008000d4c                MYRTOS_AcquireMutex
 .text.MYRTOS_ReleaseMutex
                0x0000000008000d92       0x36 My _RTOS/Scheduler.o
                0x0000000008000d92                MYRTOS_ReleaseMutex
 .text.task1    0x0000000008000dc8       0x5c Src/main.o
                0x0000000008000dc8                task1
 .text.task2    0x0000000008000e24       0x50 Src/main.o
                0x0000000008000e24                task2
 .text.task3    0x0000000008000e74       0x50 Src/main.o
                0x0000000008000e74                task3
 .text.task4    0x0000000008000ec4       0x58 Src/main.o
                0x0000000008000ec4                task4
 .text.main     0x0000000008000f1c      0x178 Src/main.o
                0x0000000008000f1c                main
 .text.Reset_Handler
                0x0000000008001094       0x50 Startup/startup_stm32f103c6tx.o
                0x0000000008001094                Reset_Handler
 .text.Default_Handler
                0x00000000080010e4        0x2 Startup/startup_stm32f103c6tx.o
                0x00000000080010e4                TIM8_TRG_COM_IRQHandler
                0x00000000080010e4                TIM8_CC_IRQHandler
                0x00000000080010e4                DebugMon_Handler
                0x00000000080010e4                TIM1_CC_IRQHandler
                0x00000000080010e4                TIM6_IRQHandler
                0x00000000080010e4                PVD_IRQHandler
                0x00000000080010e4                SDIO_IRQHandler
                0x00000000080010e4                NMI_Handler
                0x00000000080010e4                USB_HP_CAN_TX_IRQHandler
                0x00000000080010e4                I2C2_EV_IRQHandler
                0x00000000080010e4                ADC1_2_IRQHandler
                0x00000000080010e4                SPI1_IRQHandler
                0x00000000080010e4                CAN_SCE_IRQHandler
                0x00000000080010e4                TAMPER_IRQHandler
                0x00000000080010e4                TIM8_UP_IRQHandler
                0x00000000080010e4                DMA2_Channel2_IRQHandler
                0x00000000080010e4                DMA1_Channel4_IRQHandler
                0x00000000080010e4                USART3_IRQHandler
                0x00000000080010e4                RTC_IRQHandler
                0x00000000080010e4                DMA1_Channel7_IRQHandler
                0x00000000080010e4                UART5_IRQHandler
                0x00000000080010e4                ADC3_IRQHandler
                0x00000000080010e4                TIM4_IRQHandler
                0x00000000080010e4                CAN_RX1_IRQHandler
                0x00000000080010e4                DMA2_Channel1_IRQHandler
                0x00000000080010e4                I2C1_EV_IRQHandler
                0x00000000080010e4                DMA1_Channel6_IRQHandler
                0x00000000080010e4                UART4_IRQHandler
                0x00000000080010e4                TIM3_IRQHandler
                0x00000000080010e4                RCC_IRQHandler
                0x00000000080010e4                TIM1_TRG_COM_IRQHandler
                0x00000000080010e4                DMA1_Channel1_IRQHandler
                0x00000000080010e4                Default_Handler
                0x00000000080010e4                TIM7_IRQHandler
                0x00000000080010e4                TIM5_IRQHandler
                0x00000000080010e4                SPI2_IRQHandler
                0x00000000080010e4                USB_LP_CAN_RX0_IRQHandler
                0x00000000080010e4                DMA1_Channel5_IRQHandler
                0x00000000080010e4                DMA1_Channel3_IRQHandler
                0x00000000080010e4                FSMC_IRQHandler
                0x00000000080010e4                TIM1_UP_IRQHandler
                0x00000000080010e4                WWDG_IRQHandler
                0x00000000080010e4                TIM2_IRQHandler
                0x00000000080010e4                TIM1_BRK_IRQHandler
                0x00000000080010e4                RTCAlarm_IRQHandler
                0x00000000080010e4                DMA2_Channel4_5_IRQHandler
                0x00000000080010e4                USART2_IRQHandler
                0x00000000080010e4                I2C2_ER_IRQHandler
                0x00000000080010e4                DMA1_Channel2_IRQHandler
                0x00000000080010e4                TIM8_BRK_IRQHandler
                0x00000000080010e4                FLASH_IRQHandler
                0x00000000080010e4                USART1_IRQHandler
                0x00000000080010e4                SPI3_IRQHandler
                0x00000000080010e4                I2C1_ER_IRQHandler
                0x00000000080010e4                DMA2_Channel3_IRQHandler
 *fill*         0x00000000080010e6        0x2 
 .text.__libc_init_array
                0x00000000080010e8       0x48 c:/st/stm32cubeide_1.4.0/stm32cubeide/plugins/com.st.stm32cube.ide.mcu.externaltools.gnu-tools-for-stm32.7-2018-q2-update.win32_1.4.0.202007081208/tools/bin/../lib/gcc/arm-none-eabi/7.3.1/../../../../arm-none-eabi/lib/thumb/v7-m\libc_nano.a(lib_a-init.o)
                0x00000000080010e8                __libc_init_array
 *(.glue_7)
 .glue_7        0x0000000008001130        0x0 linker stubs
 *(.glue_7t)
 .glue_7t       0x0000000008001130        0x0 linker stubs
 *(.eh_frame)
 .eh_frame      0x0000000008001130        0x0 c:/st/stm32cubeide_1.4.0/stm32cubeide/plugins/com.st.stm32cube.ide.mcu.externaltools.gnu-tools-for-stm32.7-2018-q2-update.win32_1.4.0.202007081208/tools/bin/../lib/gcc/arm-none-eabi/7.3.1/thumb/v7-m/crtbegin.o
 *(.init)
 .init          0x0000000008001130        0x4 c:/st/stm32cubeide_1.4.0/stm32cubeide/plugins/com.st.stm32cube.ide.mcu.externaltools.gnu-tools-for-stm32.7-2018-q2-update.win32_1.4.0.202007081208/tools/bin/../lib/gcc/arm-none-eabi/7.3.1/thumb/v7-m/crti.o
                0x0000000008001130                _init
 .init          0x0000000008001134        0x8 c:/st/stm32cubeide_1.4.0/stm32cubeide/plugins/com.st.stm32cube.ide.mcu.externaltools.gnu-tools-for-stm32.7-2018-q2-update.win32_1.4.0.202007081208/tools/bin/../lib/gcc/arm-none-eabi/7.3.1/thumb/v7-m/crtn.o
 *(.fini)
 .fini          0x000000000800113c        0x4 c:/st/stm32cubeide_1.4.0/stm32cubeide/plugins/com.st.stm32cube.ide.mcu.externaltools.gnu-tools-for-stm32.7-2018-q2-update.win32_1.4.0.202007081208/tools/bin/../lib/gcc/arm-none-eabi/7.3.1/thumb/v7-m/crti.o
                0x000000000800113c                _fini
 .fini          0x0000000008001140        0x8 c:/st/stm32cubeide_1.4.0/stm32cubeide/plugins/com.st.stm32cube.ide.mcu.externaltools.gnu-tools-for-stm32.7-2018-q2-update.win32_1.4.0.202007081208/tools/bin/../lib/gcc/arm-none-eabi/7.3.1/thumb/v7-m/crtn.o
                0x0000000008001148                . = ALIGN (0x4)
                0x0000000008001148                _etext = .

.vfp11_veneer   0x0000000008001148        0x0
 .vfp11_veneer  0x0000000008001148        0x0 linker stubs

.v4_bx          0x0000000008001148        0x0
 .v4_bx         0x0000000008001148        0x0 linker stubs

.iplt           0x0000000008001148        0x0
 .iplt          0x0000000008001148        0x0 c:/st/stm32cubeide_1.4.0/stm32cubeide/plugins/com.st.stm32cube.ide.mcu.externaltools.gnu-tools-for-stm32.7-2018-q2-update.win32_1.4.0.202007081208/tools/bin/../lib/gcc/arm-none-eabi/7.3.1/thumb/v7-m/crtbegin.o

.rodata         0x0000000008001148       0x34
                0x0000000008001148                . = ALIGN (0x4)
 *(.rodata)
 .rodata        0x0000000008001148        0x9 My _RTOS/Scheduler.o
 *fill*         0x0000000008001151        0x3 
 .rodata        0x0000000008001154       0x27 Src/main.o
 *(.rodata*)
                0x000000000800117c                . = ALIGN (0x4)
 *fill*         0x000000000800117b        0x1 

.rel.dyn        0x000000000800117c        0x0
 .rel.iplt      0x000000000800117c        0x0 c:/st/stm32cubeide_1.4.0/stm32cubeide/plugins/com.st.stm32cube.ide.mcu.externaltools.gnu-tools-for-stm32.7-2018-q2-update.win32_1.4.0.202007081208/tools/bin/../lib/gcc/arm-none-eabi/7.3.1/thumb/v7-m/crtbegin.o

.ARM.extab      0x000000000800117c        0x0
                0x000000000800117c                . = ALIGN (0x4)
 *(.ARM.extab* .gnu.linkonce.armextab.*)
                0x000000000800117c                . = ALIGN (0x4)

.ARM            0x000000000800117c        0x0
                0x000000000800117c                . = ALIGN (0x4)
                0x000000000800117c                __exidx_start = .
 *(.ARM.exidx*)
                0x000000000800117c                __exidx_end = .
                0x000000000800117c                . = ALIGN (0x4)

.preinit_array  0x000000000800117c        0x0
                0x000000000800117c                . = ALIGN (0x4)
                0x000000000800117c                PROVIDE (__preinit_array_start = .)
 *(.preinit_array*)
                0x000000000800117c                PROVIDE (__preinit_array_end = .)
                0x000000000800117c                . = ALIGN (0x4)

.init_array     0x000000000800117c        0x4
                0x000000000800117c                . = ALIGN (0x4)
                0x000000000800117c                PROVIDE (__init_array_start = .)
 *(SORT_BY_NAME(.init_array.*))
 *(.init_array*)
 .init_array    0x000000000800117c        0x4 c:/st/stm32cubeide_1.4.0/stm32cubeide/plugins/com.st.stm32cube.ide.mcu.externaltools.gnu-tools-for-stm32.7-2018-q2-update.win32_1.4.0.202007081208/tools/bin/../lib/gcc/arm-none-eabi/7.3.1/thumb/v7-m/crtbegin.o
                0x0000000008001180                PROVIDE (__init_array_end = .)
                0x0000000008001180                . = ALIGN (0x4)

.fini_array     0x0000000008001180        0x4
                0x0000000008001180                . = ALIGN (0x4)
                [!provide]                        PROVIDE (__fini_array_start = .)
 *(SORT_BY_NAME(.fini_array.*))
 *(.fini_array*)
 .fini_array    0x0000000008001180        0x4 c:/st/stm32cubeide_1.4.0/stm32cubeide/plugins/com.st.stm32cube.ide.mcu.externaltools.gnu-tools-for-stm32.7-2018-q2-update.win32_1.4.0.202007081208/tools/bin/../lib/gcc/arm-none-eabi/7.3.1/thumb/v7-m/crtbegin.o
                [!provide]                        PROVIDE (__fini_array_end = .)
                0x0000000008001184                . = ALIGN (0x4)
                0x0000000008001184                _sidata = LOADADDR (.data)

.data           0x0000000020000000        0x4 load address 0x0000000008001184
                0x0000000020000000                . = ALIGN (0x4)
                0x0000000020000000                _sdata = .
 *(.data)
 *(.data*)
 .data.payload  0x0000000020000000        0x3 Src/main.o
                0x0000000020000000                payload
                0x0000000020000004                . = ALIGN (0x4)
 *fill*         0x0000000020000003        0x1 
                0x0000000020000004                _edata = .

.igot.plt       0x0000000020000004        0x0 load address 0x0000000008001188
 .igot.plt      0x0000000020000004        0x0 c:/st/stm32cubeide_1.4.0/stm32cubeide/plugins/com.st.stm32cube.ide.mcu.externaltools.gnu-tools-for-stm32.7-2018-q2-update.win32_1.4.0.202007081208/tools/bin/../lib/gcc/arm-none-eabi/7.3.1/thumb/v7-m/crtbegin.o
                0x0000000020000004                . = ALIGN (0x4)

.bss            0x0000000020000004      0x550 load address 0x0000000008001188
                0x0000000020000004                _sbss = .
                0x0000000020000004                __bss_start__ = _sbss
 *(.bss)
 .bss           0x0000000020000004       0x1c c:/st/stm32cubeide_1.4.0/stm32cubeide/plugins/com.st.stm32cube.ide.mcu.externaltools.gnu-tools-for-stm32.7-2018-q2-update.win32_1.4.0.202007081208/tools/bin/../lib/gcc/arm-none-eabi/7.3.1/thumb/v7-m/crtbegin.o
 *(.bss*)
 .bss.Count.5476
                0x0000000020000020        0x4 Src/main.o
 .bss.Count.5480
                0x0000000020000024        0x4 Src/main.o
 .bss.Count.5484
                0x0000000020000028        0x4 Src/main.o
 .bss.Count.5488
                0x000000002000002c        0x4 Src/main.o
 *(COMMON)
 COMMON         0x0000000020000030       0x3c MCAL/stm32f103x6_EXTI_Driver.o
                0x0000000020000030                GP_IRQ_CallBack
 COMMON         0x000000002000006c        0x1 My _RTOS/CortexMX_OS_Porting.o
                0x000000002000006c                SysTicks
 *fill*         0x000000002000006d        0x3 
 COMMON         0x0000000020000070      0x398 My _RTOS/Scheduler.o
                0x0000000020000070                OS_Control
                0x000000002000021c                Ready_QUEUE
                0x0000000020000230                MYRTOS_idleTask
                0x0000000020000274                IdleTaskLED
                0x0000000020000278                Ready_QUEUE_FIFO
 COMMON         0x0000000020000408      0x149 Src/main.o
                0x0000000020000408                Mutex1
                0x0000000020000438                Task4
                0x000000002000047c                Task1
                0x00000000200004c0                Task4LED
                0x00000000200004c1                Task2LED
                0x00000000200004c4                Task3
                0x0000000020000508                Task1LED
                0x000000002000050c                Task2
                0x0000000020000550                Task3LED
                0x0000000020000554                . = ALIGN (0x4)
 *fill*         0x0000000020000551        0x3 
                0x0000000020000554                _ebss = .
                0x0000000020000554                __bss_end__ = _ebss

._user_heap_stack
                0x0000000020000554      0x604 load address 0x0000000008001188
                0x0000000020000558                . = ALIGN (0x8)
 *fill*         0x0000000020000554        0x4 
                [!provide]                        PROVIDE (end = .)
                0x0000000020000558                PROVIDE (_end = .)
                0x0000000020000758                . = (. + _Min_Heap_Size)
 *fill*         0x0000000020000558      0x200 
                0x0000000020000b58                . = (. + _Min_Stack_Size)
 *fill*         0x0000000020000758      0x400 
                0x0000000020000b58                . = ALIGN (0x8)
                0x0000000020000b58                _eheap = .

/DISCARD/
 libc.a(*)
 libm.a(*)
 libgcc.a(*)

.ARM.attributes
                0x0000000000000000       0x29
 *(.ARM.attributes)
 .ARM.attributes
                0x0000000000000000       0x1d c:/st/stm32cubeide_1.4.0/stm32cubeide/plugins/com.st.stm32cube.ide.mcu.externaltools.gnu-tools-for-stm32.7-2018-q2-update.win32_1.4.0.202007081208/tools/bin/../lib/gcc/arm-none-eabi/7.3.1/thumb/v7-m/crti.o
 .ARM.attributes
                0x000000000000001d       0x2d c:/st/stm32cubeide_1.4.0/stm32cubeide/plugins/com.st.stm32cube.ide.mcu.externaltools.gnu-tools-for-stm32.7-2018-q2-update.win32_1.4.0.202007081208/tools/bin/../lib/gcc/arm-none-eabi/7.3.1/thumb/v7-m/crtbegin.o
 .ARM.attributes
                0x000000000000004a       0x33 MCAL/stm32f103x6_EXTI_Driver.o
 .ARM.attributes
                0x000000000000007d       0x33 My _RTOS/CortexMX_OS_Porting.o
 .ARM.attributes
                0x00000000000000b0       0x33 My _RTOS/MYRTOS_FIFO.o
 .ARM.attributes
                0x00000000000000e3       0x33 My _RTOS/Scheduler.o
 .ARM.attributes
                0x0000000000000116       0x33 Src/main.o
 .ARM.attributes
                0x0000000000000149       0x21 Startup/startup_stm32f103c6tx.o
 .ARM.attributes
                0x000000000000016a       0x2d c:/st/stm32cubeide_1.4.0/stm32cubeide/plugins/com.st.stm32cube.ide.mcu.externaltools.gnu-tools-for-stm32.7-2018-q2-update.win32_1.4.0.202007081208/tools/bin/../lib/gcc/arm-none-eabi/7.3.1/../../../../arm-none-eabi/lib/thumb/v7-m\libc_nano.a(lib_a-init.o)
 .ARM.attributes
                0x0000000000000197       0x1b c:/st/stm32cubeide_1.4.0/stm32cubeide/plugins/com.st.stm32cube.ide.mcu.externaltools.gnu-tools-for-stm32.7-2018-q2-update.win32_1.4.0.202007081208/tools/bin/../lib/gcc/arm-none-eabi/7.3.1/../../../../arm-none-eabi/lib/thumb/v7-m\libc_nano.a(lib_a-strcmp.o)
 .ARM.attributes
                0x00000000000001b2       0x1d c:/st/stm32cubeide_1.4.0/stm32cubeide/plugins/com.st.stm32cube.ide.mcu.externaltools.gnu-tools-for-stm32.7-2018-q2-update.win32_1.4.0.202007081208/tools/bin/../lib/gcc/arm-none-eabi/7.3.1/thumb/v7-m/crtn.o
OUTPUT(ARM_Course.axf elf32-littlearm)

.debug_info     0x0000000000000000     0x3eab
 .debug_info    0x0000000000000000      0xdb1 MCAL/stm32f103x6_EXTI_Driver.o
 .debug_info    0x0000000000000db1      0x62a My _RTOS/CortexMX_OS_Porting.o
 .debug_info    0x00000000000013db      0xcb6 My _RTOS/MYRTOS_FIFO.o
 .debug_info    0x0000000000002091     0x10a0 My _RTOS/Scheduler.o
 .debug_info    0x0000000000003131      0xd58 Src/main.o
 .debug_info    0x0000000000003e89       0x22 Startup/startup_stm32f103c6tx.o

.debug_abbrev   0x0000000000000000      0xaee
 .debug_abbrev  0x0000000000000000      0x243 MCAL/stm32f103x6_EXTI_Driver.o
 .debug_abbrev  0x0000000000000243      0x1b3 My _RTOS/CortexMX_OS_Porting.o
 .debug_abbrev  0x00000000000003f6      0x1cf My _RTOS/MYRTOS_FIFO.o
 .debug_abbrev  0x00000000000005c5      0x32a My _RTOS/Scheduler.o
 .debug_abbrev  0x00000000000008ef      0x1ed Src/main.o
 .debug_abbrev  0x0000000000000adc       0x12 Startup/startup_stm32f103c6tx.o

.debug_loc      0x0000000000000000      0xcf4
 .debug_loc     0x0000000000000000      0x320 MCAL/stm32f103x6_EXTI_Driver.o
 .debug_loc     0x0000000000000320      0x224 My _RTOS/CortexMX_OS_Porting.o
 .debug_loc     0x0000000000000544      0x1cc My _RTOS/MYRTOS_FIFO.o
 .debug_loc     0x0000000000000710      0x4fc My _RTOS/Scheduler.o
 .debug_loc     0x0000000000000c0c       0xe8 Src/main.o

.debug_aranges  0x0000000000000000      0x240
 .debug_aranges
                0x0000000000000000       0x80 MCAL/stm32f103x6_EXTI_Driver.o
 .debug_aranges
                0x0000000000000080       0x70 My _RTOS/CortexMX_OS_Porting.o
 .debug_aranges
                0x00000000000000f0       0x40 My _RTOS/MYRTOS_FIFO.o
 .debug_aranges
                0x0000000000000130       0xa8 My _RTOS/Scheduler.o
 .debug_aranges
                0x00000000000001d8       0x40 Src/main.o
 .debug_aranges
                0x0000000000000218       0x28 Startup/startup_stm32f103c6tx.o

.debug_ranges   0x0000000000000000      0x1e8
 .debug_ranges  0x0000000000000000       0x70 MCAL/stm32f103x6_EXTI_Driver.o
 .debug_ranges  0x0000000000000070       0x60 My _RTOS/CortexMX_OS_Porting.o
 .debug_ranges  0x00000000000000d0       0x30 My _RTOS/MYRTOS_FIFO.o
 .debug_ranges  0x0000000000000100       0x98 My _RTOS/Scheduler.o
 .debug_ranges  0x0000000000000198       0x30 Src/main.o
 .debug_ranges  0x00000000000001c8       0x20 Startup/startup_stm32f103c6tx.o

.debug_macro    0x0000000000000000     0x27b7
 .debug_macro   0x0000000000000000      0x158 MCAL/stm32f103x6_EXTI_Driver.o
 .debug_macro   0x0000000000000158      0x240 MCAL/stm32f103x6_EXTI_Driver.o
 .debug_macro   0x0000000000000398       0xe2 MCAL/stm32f103x6_EXTI_Driver.o
 .debug_macro   0x000000000000047a       0xce My _RTOS/CortexMX_OS_Porting.o
 .debug_macro   0x0000000000000548       0x28 My _RTOS/CortexMX_OS_Porting.o
 .debug_macro   0x0000000000000570       0x8e My _RTOS/CortexMX_OS_Porting.o
 .debug_macro   0x00000000000005fe       0x51 My _RTOS/CortexMX_OS_Porting.o
 .debug_macro   0x000000000000064f       0x1c My _RTOS/CortexMX_OS_Porting.o
 .debug_macro   0x000000000000066b       0x22 My _RTOS/CortexMX_OS_Porting.o
 .debug_macro   0x000000000000068d       0xe5 My _RTOS/CortexMX_OS_Porting.o
 .debug_macro   0x0000000000000772      0xe2e My _RTOS/CortexMX_OS_Porting.o
 .debug_macro   0x00000000000015a0      0x11f My _RTOS/CortexMX_OS_Porting.o
 .debug_macro   0x00000000000016bf       0x2e My _RTOS/CortexMX_OS_Porting.o
 .debug_macro   0x00000000000016ed      0x26d My _RTOS/MYRTOS_FIFO.o
 .debug_macro   0x000000000000195a       0x16 My _RTOS/MYRTOS_FIFO.o
 .debug_macro   0x0000000000001970       0x97 My _RTOS/MYRTOS_FIFO.o
 .debug_macro   0x0000000000001a07       0xfd My _RTOS/MYRTOS_FIFO.o
 .debug_macro   0x0000000000001b04       0x10 My _RTOS/MYRTOS_FIFO.o
 .debug_macro   0x0000000000001b14       0x10 My _RTOS/MYRTOS_FIFO.o
 .debug_macro   0x0000000000001b24       0x1c My _RTOS/MYRTOS_FIFO.o
 .debug_macro   0x0000000000001b40       0x52 My _RTOS/MYRTOS_FIFO.o
 .debug_macro   0x0000000000001b92       0x40 My _RTOS/MYRTOS_FIFO.o
 .debug_macro   0x0000000000001bd2       0x10 My _RTOS/MYRTOS_FIFO.o
 .debug_macro   0x0000000000001be2       0x40 My _RTOS/MYRTOS_FIFO.o
 .debug_macro   0x0000000000001c22       0xd7 My _RTOS/MYRTOS_FIFO.o
 .debug_macro   0x0000000000001cf9       0x1c My _RTOS/MYRTOS_FIFO.o
 .debug_macro   0x0000000000001d15       0x3d My _RTOS/MYRTOS_FIFO.o
 .debug_macro   0x0000000000001d52       0x16 My _RTOS/MYRTOS_FIFO.o
 .debug_macro   0x0000000000001d68      0x145 My _RTOS/MYRTOS_FIFO.o
 .debug_macro   0x0000000000001ead       0x16 My _RTOS/MYRTOS_FIFO.o
 .debug_macro   0x0000000000001ec3       0x35 My _RTOS/MYRTOS_FIFO.o
 .debug_macro   0x0000000000001ef8       0x20 My _RTOS/MYRTOS_FIFO.o
 .debug_macro   0x0000000000001f18       0xdf My _RTOS/MYRTOS_FIFO.o
 .debug_macro   0x0000000000001ff7      0x277 My _RTOS/Scheduler.o
 .debug_macro   0x000000000000226e       0x46 My _RTOS/Scheduler.o
 .debug_macro   0x00000000000022b4      0x32a My _RTOS/Scheduler.o
 .debug_macro   0x00000000000025de      0x1d9 Src/main.o

.debug_line     0x0000000000000000     0x2591
 .debug_line    0x0000000000000000      0x73f MCAL/stm32f103x6_EXTI_Driver.o
 .debug_line    0x000000000000073f      0x5aa My _RTOS/CortexMX_OS_Porting.o
 .debug_line    0x0000000000000ce9      0x781 My _RTOS/MYRTOS_FIFO.o
 .debug_line    0x000000000000146a      0x936 My _RTOS/Scheduler.o
 .debug_line    0x0000000000001da0      0x76d Src/main.o
 .debug_line    0x000000000000250d       0x84 Startup/startup_stm32f103c6tx.o

.debug_str      0x0000000000000000    0x104a7
 .debug_str     0x0000000000000000     0x8446 MCAL/stm32f103x6_EXTI_Driver.o
                                       0x86b6 (size before relaxing)
 .debug_str     0x0000000000008446     0x6896 My _RTOS/CortexMX_OS_Porting.o
                                       0xa4d1 (size before relaxing)
 .debug_str     0x000000000000ecdc     0x13d3 My _RTOS/MYRTOS_FIFO.o
                                       0xe7f3 (size before relaxing)
 .debug_str     0x00000000000100af      0x352 My _RTOS/Scheduler.o
                                       0xeaf9 (size before relaxing)
 .debug_str     0x0000000000010401       0x75 Src/main.o
                                       0xeb73 (size before relaxing)
 .debug_str     0x0000000000010476       0x31 Startup/startup_stm32f103c6tx.o
                                         0x86 (size before relaxing)

.comment        0x0000000000000000       0x7b
 .comment       0x0000000000000000       0x7b MCAL/stm32f103x6_EXTI_Driver.o
                                         0x7c (size before relaxing)
 .comment       0x000000000000007b       0x7c My _RTOS/CortexMX_OS_Porting.o
 .comment       0x000000000000007b       0x7c My _RTOS/MYRTOS_FIFO.o
 .comment       0x000000000000007b       0x7c My _RTOS/Scheduler.o
 .comment       0x000000000000007b       0x7c Src/main.o

.debug_frame    0x0000000000000000      0x724
 .debug_frame   0x0000000000000000      0x1b0 MCAL/stm32f103x6_EXTI_Driver.o
 .debug_frame   0x00000000000001b0      0x140 My _RTOS/CortexMX_OS_Porting.o
 .debug_frame   0x00000000000002f0       0xd8 My _RTOS/MYRTOS_FIFO.o
 .debug_frame   0x00000000000003c8      0x270 My _RTOS/Scheduler.o
 .debug_frame   0x0000000000000638       0xa0 Src/main.o
 .debug_frame   0x00000000000006d8       0x2c c:/st/stm32cubeide_1.4.0/stm32cubeide/plugins/com.st.stm32cube.ide.mcu.externaltools.gnu-tools-for-stm32.7-2018-q2-update.win32_1.4.0.202007081208/tools/bin/../lib/gcc/arm-none-eabi/7.3.1/../../../../arm-none-eabi/lib/thumb/v7-m\libc_nano.a(lib_a-init.o)
 .debug_frame   0x0000000000000704       0x20 c:/st/stm32cubeide_1.4.0/stm32cubeide/plugins/com.st.stm32cube.ide.mcu.externaltools.gnu-tools-for-stm32.7-2018-q2-update.win32_1.4.0.202007081208/tools/bin/../lib/gcc/arm-none-eabi/7.3.1/../../../../arm-none-eabi/lib/thumb/v7-m\libc_nano.a(lib_a-strcmp.o)
